Archive member included to satisfy reference by file (symbol)

C:/ProgramData/MATLAB/SupportPackages/R2024b/3P.instrset/gnuarm-armcortex.instrset/win/bin/../lib/gcc/arm-none-eabi/13.2.1/thumb/v7e-m+fp/hard\libm.a(libm_a-w_fmod.o)
                              xcp_ext_common.o (fmod)
C:/ProgramData/MATLAB/SupportPackages/R2024b/3P.instrset/gnuarm-armcortex.instrset/win/bin/../lib/gcc/arm-none-eabi/13.2.1/thumb/v7e-m+fp/hard\libm.a(libm_a-e_fmod.o)
                              C:/ProgramData/MATLAB/SupportPackages/R2024b/3P.instrset/gnuarm-armcortex.instrset/win/bin/../lib/gcc/arm-none-eabi/13.2.1/thumb/v7e-m+fp/hard\libm.a(libm_a-w_fmod.o) (__ieee754_fmod)
C:/ProgramData/MATLAB/SupportPackages/R2024b/3P.instrset/gnuarm-armcortex.instrset/win/bin/../lib/gcc/arm-none-eabi/13.2.1/thumb/v7e-m+fp/hard\libgcc.a(_arm_muldf3.o)
                              encoder.o (__aeabi_dmul)
C:/ProgramData/MATLAB/SupportPackages/R2024b/3P.instrset/gnuarm-armcortex.instrset/win/bin/../lib/gcc/arm-none-eabi/13.2.1/thumb/v7e-m+fp/hard\libgcc.a(_arm_addsubdf3.o)
                              encoder.o (__aeabi_dsub)
C:/ProgramData/MATLAB/SupportPackages/R2024b/3P.instrset/gnuarm-armcortex.instrset/win/bin/../lib/gcc/arm-none-eabi/13.2.1/thumb/v7e-m+fp/hard\libgcc.a(_arm_muldivdf3.o)
                              encoder.o (__aeabi_ddiv)
C:/ProgramData/MATLAB/SupportPackages/R2024b/3P.instrset/gnuarm-armcortex.instrset/win/bin/../lib/gcc/arm-none-eabi/13.2.1/thumb/v7e-m+fp/hard\libgcc.a(_arm_cmpdf2.o)
                              xcp_ext_mode.o (__aeabi_dcmpeq)
C:/ProgramData/MATLAB/SupportPackages/R2024b/3P.instrset/gnuarm-armcortex.instrset/win/bin/../lib/gcc/arm-none-eabi/13.2.1/thumb/v7e-m+fp/hard\libgcc.a(_arm_unorddf2.o)
                              C:/ProgramData/MATLAB/SupportPackages/R2024b/3P.instrset/gnuarm-armcortex.instrset/win/bin/../lib/gcc/arm-none-eabi/13.2.1/thumb/v7e-m+fp/hard\libm.a(libm_a-w_fmod.o) (__aeabi_dcmpun)
C:/ProgramData/MATLAB/SupportPackages/R2024b/3P.instrset/gnuarm-armcortex.instrset/win/bin/../lib/gcc/arm-none-eabi/13.2.1/thumb/v7e-m+fp/hard\libgcc.a(_arm_fixunsdfsi.o)
                              xcp_ext_common.o (__aeabi_d2uiz)
C:/ProgramData/MATLAB/SupportPackages/R2024b/3P.instrset/gnuarm-armcortex.instrset/win/bin/../lib/gcc/arm-none-eabi/13.2.1/thumb/v7e-m+fp/hard\libgcc.a(_aeabi_uldivmod.o)
                              stm32g4xx_ll_lpuart.o (__aeabi_uldivmod)
C:/ProgramData/MATLAB/SupportPackages/R2024b/3P.instrset/gnuarm-armcortex.instrset/win/bin/../lib/gcc/arm-none-eabi/13.2.1/thumb/v7e-m+fp/hard\libgcc.a(_udivmoddi4.o)
                              C:/ProgramData/MATLAB/SupportPackages/R2024b/3P.instrset/gnuarm-armcortex.instrset/win/bin/../lib/gcc/arm-none-eabi/13.2.1/thumb/v7e-m+fp/hard\libgcc.a(_aeabi_uldivmod.o) (__udivmoddi4)
C:/ProgramData/MATLAB/SupportPackages/R2024b/3P.instrset/gnuarm-armcortex.instrset/win/bin/../lib/gcc/arm-none-eabi/13.2.1/thumb/v7e-m+fp/hard\libgcc.a(_dvmd_tls.o)
                              C:/ProgramData/MATLAB/SupportPackages/R2024b/3P.instrset/gnuarm-armcortex.instrset/win/bin/../lib/gcc/arm-none-eabi/13.2.1/thumb/v7e-m+fp/hard\libgcc.a(_aeabi_uldivmod.o) (__aeabi_ldiv0)
C:/ProgramData/MATLAB/SupportPackages/R2024b/3P.instrset/gnuarm-armcortex.instrset/win/bin/../lib/gcc/arm-none-eabi/13.2.1/thumb/v7e-m+fp/hard\libg_nano.a(libc_a-exit.o)
                              C:/ProgramData/MATLAB/SupportPackages/R2024b/3P.instrset/gnuarm-armcortex.instrset/win/bin/../lib/gcc/arm-none-eabi/13.2.1/thumb/v7e-m+fp/hard/crt0.o (exit)
C:/ProgramData/MATLAB/SupportPackages/R2024b/3P.instrset/gnuarm-armcortex.instrset/win/bin/../lib/gcc/arm-none-eabi/13.2.1/thumb/v7e-m+fp/hard\libg_nano.a(libc_a-findfp.o)
                              C:/ProgramData/MATLAB/SupportPackages/R2024b/3P.instrset/gnuarm-armcortex.instrset/win/bin/../lib/gcc/arm-none-eabi/13.2.1/thumb/v7e-m+fp/hard\libg_nano.a(libc_a-exit.o) (__stdio_exit_handler)
C:/ProgramData/MATLAB/SupportPackages/R2024b/3P.instrset/gnuarm-armcortex.instrset/win/bin/../lib/gcc/arm-none-eabi/13.2.1/thumb/v7e-m+fp/hard\libg_nano.a(libc_a-fwalk.o)
                              C:/ProgramData/MATLAB/SupportPackages/R2024b/3P.instrset/gnuarm-armcortex.instrset/win/bin/../lib/gcc/arm-none-eabi/13.2.1/thumb/v7e-m+fp/hard\libg_nano.a(libc_a-findfp.o) (_fwalk_sglue)
C:/ProgramData/MATLAB/SupportPackages/R2024b/3P.instrset/gnuarm-armcortex.instrset/win/bin/../lib/gcc/arm-none-eabi/13.2.1/thumb/v7e-m+fp/hard\libg_nano.a(libc_a-stdio.o)
                              C:/ProgramData/MATLAB/SupportPackages/R2024b/3P.instrset/gnuarm-armcortex.instrset/win/bin/../lib/gcc/arm-none-eabi/13.2.1/thumb/v7e-m+fp/hard\libg_nano.a(libc_a-findfp.o) (__sread)
C:/ProgramData/MATLAB/SupportPackages/R2024b/3P.instrset/gnuarm-armcortex.instrset/win/bin/../lib/gcc/arm-none-eabi/13.2.1/thumb/v7e-m+fp/hard\libg_nano.a(libc_a-memset.o)
[...]
Memory Configuration

Name             Origin             Length             Attributes
RAM              0x20000000         0x00020000         xrw
FLASH            0x08000000         0x00080000         xr
*default*        0x00000000         0xffffffff

Linker script and memory map

LOAD C:/ProgramData/MATLAB/SupportPackages/R2024b/3P.instrset/gnuarm-armcortex.instrset/win/bin/../lib/gcc/arm-none-eabi/13.2.1/thumb/v7e-m+fp/hard/crti.o
LOAD C:/ProgramData/MATLAB/SupportPackages/R2024b/3P.instrset/gnuarm-armcortex.instrset/win/bin/../lib/gcc/arm-none-eabi/13.2.1/thumb/v7e-m+fp/hard/crtbegin.o
LOAD C:/ProgramData/MATLAB/SupportPackages/R2024b/3P.instrset/gnuarm-armcortex.instrset/win/bin/../lib/gcc/arm-none-eabi/13.2.1/thumb/v7e-m+fp/hard/crt0.o
LOAD stm_timer_ll.o
LOAD xcp_ext_mode.o
LOAD encoder.o
LOAD ert_main.o
LOAD xcp_ext_common.o
LOAD xcp_ext_classic_trigger.o
LOAD xcp.o
LOAD xcp_standard.o
LOAD xcp_daq.o
LOAD xcp_calibration.o
LOAD xcp_fifo.o
LOAD xcp_transport.o
LOAD xcp_mem_default.o
LOAD xcp_drv_rtiostream.o
LOAD xcp_utils.o
LOAD xcp_frame_serial.o
LOAD xcp_ext_param_default_serial.o
LOAD overrideHALDelay.o
LOAD platform_timer.o
LOAD SysTickScheduler.o
LOAD m3m4m4f_multitasking.o
LOAD rtiostream_serial.o
LOAD stm_usart.o
LOAD stm_lpuart.o
LOAD sys_arch.o
LOAD main.o
LOAD stm32g4xx_it.o
LOAD stm32g4xx_hal_msp.o
LOAD stm32g4xx_hal_timebase_tim.o
LOAD stm32g4xx_ll_utils.o
LOAD stm32g4xx_ll_exti.o
LOAD stm32g4xx_ll_gpio.o
LOAD stm32g4xx_ll_dma.o
LOAD stm32g4xx_ll_lpuart.o
LOAD stm32g4xx_ll_rcc.o
LOAD stm32g4xx_hal.o
LOAD stm32g4xx_hal_rcc.o
LOAD stm32g4xx_hal_rcc_ex.o
LOAD stm32g4xx_hal_flash.o
LOAD stm32g4xx_hal_flash_ex.o
LOAD stm32g4xx_hal_flash_ramfunc.o
LOAD stm32g4xx_hal_gpio.o
LOAD stm32g4xx_hal_exti.o
LOAD stm32g4xx_hal_dma.o
LOAD stm32g4xx_hal_dma_ex.o
LOAD stm32g4xx_hal_pwr.o
LOAD stm32g4xx_hal_pwr_ex.o
LOAD stm32g4xx_hal_cortex.o
LOAD stm32g4xx_hal_tim.o
LOAD stm32g4xx_hal_tim_ex.o
LOAD stm32g4xx_ll_tim.o
LOAD system_stm32g4xx.o
LOAD syscalls.o
LOAD sysmem.o
LOAD startup_stm32g474retx.o
LOAD C:/ProgramData/MATLAB/SupportPackages/R2024b/3P.instrset/cmsis_dsp.instrset/Lib/GCC/arm_cortexm4ldfsp_math/libCMSISDSP.a
LOAD C:/ProgramData/MATLAB/SupportPackages/R2024b/toolbox/shared/supportpackages/stm32/lib/GCC/libmw_pdmfilter_m4_spfp.lib
LOAD C:/ProgramData/MATLAB/SupportPackages/R2024b/3P.instrset/gnuarm-armcortex.instrset/win/bin/../lib/gcc/arm-none-eabi/13.2.1/thumb/v7e-m+fp/hard\libstdc++_nano.a
LOAD C:/ProgramData/MATLAB/SupportPackages/R2024b/3P.instrset/gnuarm-armcortex.instrset/win/bin/../lib/gcc/arm-none-eabi/13.2.1/thumb/v7e-m+fp/hard\libm.a
START GROUP
LOAD C:/ProgramData/MATLAB/SupportPackages/R2024b/3P.instrset/gnuarm-armcortex.instrset/win/bin/../lib/gcc/arm-none-eabi/13.2.1/thumb/v7e-m+fp/hard\libgcc.a
LOAD C:/ProgramData/MATLAB/SupportPackages/R2024b/3P.instrset/gnuarm-armcortex.instrset/win/bin/../lib/gcc/arm-none-eabi/13.2.1/thumb/v7e-m+fp/hard\libg_nano.a
LOAD C:/ProgramData/MATLAB/SupportPackages/R2024b/3P.instrset/gnuarm-armcortex.instrset/win/bin/../lib/gcc/arm-none-eabi/13.2.1/thumb/v7e-m+fp/hard\libc_nano.a
END GROUP
START GROUP
LOAD C:/ProgramData/MATLAB/SupportPackages/R2024b/3P.instrset/gnuarm-armcortex.instrset/win/bin/../lib/gcc/arm-none-eabi/13.2.1/thumb/v7e-m+fp/hard\libgcc.a
LOAD C:/ProgramData/MATLAB/SupportPackages/R2024b/3P.instrset/gnuarm-armcortex.instrset/win/bin/../lib/gcc/arm-none-eabi/13.2.1/thumb/v7e-m+fp/hard\libc_nano.a
LOAD C:/ProgramData/MATLAB/SupportPackages/R2024b/3P.instrset/gnuarm-armcortex.instrset/win/bin/../lib/gcc/arm-none-eabi/13.2.1/thumb/v7e-m+fp/hard\libnosys.a
END GROUP
START GROUP
LOAD C:/ProgramData/MATLAB/SupportPackages/R2024b/3P.instrset/gnuarm-armcortex.instrset/win/bin/../lib/gcc/arm-none-eabi/13.2.1/thumb/v7e-m+fp/hard\libgcc.a
LOAD C:/ProgramData/MATLAB/SupportPackages/R2024b/3P.instrset/gnuarm-armcortex.instrset/win/bin/../lib/gcc/arm-none-eabi/13.2.1/thumb/v7e-m+fp/hard\libc_nano.a
LOAD C:/ProgramData/MATLAB/SupportPackages/R2024b/3P.instrset/gnuarm-armcortex.instrset/win/bin/../lib/gcc/arm-none-eabi/13.2.1/thumb/v7e-m+fp/hard\libnosys.a
END GROUP
LOAD C:/ProgramData/MATLAB/SupportPackages/R2024b/3P.instrset/gnuarm-armcortex.instrset/win/bin/../lib/gcc/arm-none-eabi/13.2.1/thumb/v7e-m+fp/hard/crtend.o
LOAD C:/ProgramData/MATLAB/SupportPackages/R2024b/3P.instrset/gnuarm-armcortex.instrset/win/bin/../lib/gcc/arm-none-eabi/13.2.1/thumb/v7e-m+fp/hard/crtn.o
                0x20020000                        _estack = (ORIGIN (RAM) + LENGTH (RAM))
                0x00000200                        _Min_Heap_Size = 0x200
                0x00000400                        _Min_Stack_Size = 0x400

.isr_vector     0x08000000      0x1d8
                0x08000000                        . = ALIGN (0x4)
 *(.isr_vector)
 .isr_vector    0x08000000      0x1d8 startup_stm32g474retx.o
                0x08000000                g_pfnVectors
                0x080001d8                        . = ALIGN (0x4)

.text           0x080001d8     0xdc50
                0x080001d8                        . = ALIGN (0x4)
 *(.text)
 .text          0x080001d8      0x378 C:/ProgramData/MATLAB/SupportPackages/R2024b/3P.instrset/gnuarm-armcortex.instrset/win/bin/../lib/gcc/arm-none-eabi/13.2.1/thumb/v7e-m+fp/hard\libgcc.a(_arm_addsubdf3.o)
                0x080001d8                __aeabi_drsub
                0x080001e0                __aeabi_dsub
                0x080001e0                __subdf3
                0x080001e4                __aeabi_dadd
                0x080001e4                __adddf3
                0x0800045c                __floatunsidf
                0x0800045c                __aeabi_ui2d
                0x0800047c                __floatsidf
                0x0800047c                __aeabi_i2d
                0x080004a0                __aeabi_f2d
                0x080004a0                __extendsfdf2
                0x080004e4                __floatundidf
                0x080004e4                __aeabi_ul2d
                0x080004f4                __floatdidf
                0x080004f4                __aeabi_l2d
 .text          0x08000550      0x424 C:/ProgramData/MATLAB/SupportPackages/R2024b/3P.instrset/gnuarm-armcortex.instrset/win/bin/../lib/gcc/arm-none-eabi/13.2.1/thumb/v7e-m+fp/hard\libgcc.a(_arm_muldivdf3.o)
                0x08000550                __aeabi_dmul
                0x08000550                __muldf3
                0x080007a4                __divdf3
                0x080007a4                __aeabi_ddiv
 .text          0x08000974      0x110 C:/ProgramData/MATLAB/SupportPackages/R2024b/3P.instrset/gnuarm-armcortex.instrset/win/bin/../lib/gcc/arm-none-eabi/13.2.1/thumb/v7e-m+fp/hard\libgcc.a(_arm_cmpdf2.o)
                0x08000974                __gtdf2
                0x08000974                __gedf2
                0x0800097c                __ltdf2
                0x0800097c                __ledf2
                0x08000984                __nedf2
                0x08000984                __eqdf2
                0x08000984                __cmpdf2
                0x08000a00                __aeabi_cdrcmple
                0x08000a10                __aeabi_cdcmpeq
                0x08000a10                __aeabi_cdcmple
                0x08000a20                __aeabi_dcmpeq
                0x08000a34                __aeabi_dcmplt
                0x08000a48                __aeabi_dcmple
                0x08000a5c                __aeabi_dcmpge
                0x08000a70                __aeabi_dcmpgt
 .text          0x08000a84       0x2c C:/ProgramData/MATLAB/SupportPackages/R2024b/3P.instrset/gnuarm-armcortex.instrset/win/bin/../lib/gcc/arm-none-eabi/13.2.1/thumb/v7e-m+fp/hard\libgcc.a(_arm_unorddf2.o)
                0x08000a84                __unorddf2
                0x08000a84                __aeabi_dcmpun
 .text          0x08000ab0       0x40 C:/ProgramData/MATLAB/SupportPackages/R2024b/3P.instrset/gnuarm-armcortex.instrset/win/bin/../lib/gcc/arm-none-eabi/13.2.1/thumb/v7e-m+fp/hard\libgcc.a(_arm_fixunsdfsi.o)
                0x08000ab0                __aeabi_d2uiz
                0x08000ab0                __fixunsdfsi
 .text          0x08000af0       0x30 C:/ProgramData/MATLAB/SupportPackages/R2024b/3P.instrset/gnuarm-armcortex.instrset/win/bin/../lib/gcc/arm-none-eabi/13.2.1/thumb/v7e-m+fp/hard\libgcc.a(_aeabi_uldivmod.o)
                0x08000af0                __aeabi_uldivmod
 .text          0x08000b20        0x4 C:/ProgramData/MATLAB/SupportPackages/R2024b/3P.instrset/gnuarm-armcortex.instrset/win/bin/../lib/gcc/arm-none-eabi/13.2.1/thumb/v7e-m+fp/hard\libgcc.a(_dvmd_tls.o)
                0x08000b20                __aeabi_idiv0
                0x08000b20                __aeabi_ldiv0
 *(.text*)
 .text.deregister_tm_clones
                0x08000b24       0x1c C:/ProgramData/MATLAB/SupportPackages/R2024b/3P.instrset/gnuarm-armcortex.instrset/win/bin/../lib/gcc/arm-none-eabi/13.2.1/thumb/v7e-m+fp/hard/crtbegin.o
 .text.register_tm_clones
                0x08000b40       0x24 C:/ProgramData/MATLAB/SupportPackages/R2024b/3P.instrset/gnuarm-armcortex.instrset/win/bin/../lib/gcc/arm-none-eabi/13.2.1/thumb/v7e-m+fp/hard/crtbegin.o
 .text.__do_global_dtors_aux
                0x08000b64       0x28 C:/ProgramData/MATLAB/SupportPackages/R2024b/3P.instrset/gnuarm-armcortex.instrset/win/bin/../lib/gcc/arm-none-eabi/13.2.1/thumb/v7e-m+fp/hard/crtbegin.o
 .text.frame_dummy
                0x08000b8c       0x24 C:/ProgramData/MATLAB/SupportPackages/R2024b/3P.instrset/gnuarm-armcortex.instrset/win/bin/../lib/gcc/arm-none-eabi/13.2.1/thumb/v7e-m+fp/hard/crtbegin.o
 .text.LL_TIM_GetCounterMode
                0x08000bb0       0x30 stm_timer_ll.o
 .text.LL_TIM_GetCounter
                0x08000be0       0x18 stm_timer_ll.o
 .text.LL_TIM_GetRepetitionCounter
                0x08000bf8       0x18 stm_timer_ll.o
 .text.LL_TIM_CC_EnableChannel
                0x08000c10       0x22 stm_timer_ll.o
 .text.LL_TIM_CC_DisableChannel
                0x08000c32       0x24 stm_timer_ll.o
 .text.LL_TIM_EnableAllOutputs
                0x08000c56       0x20 stm_timer_ll.o
 .text.LL_TIM_IsActiveFlag_IDX
                0x08000c76       0x28 stm_timer_ll.o
 .text.LL_TIM_EnableIT_UPDATE
                0x08000c9e       0x20 stm_timer_ll.o
 .text.LL_TIM_DisableIT_UPDATE
                0x08000cbe       0x20 stm_timer_ll.o
 .text.LL_TIM_IsEnabledIT_UPDATE
                0x08000cde       0x26 stm_timer_ll.o
 .text.LL_TIM_EnableIT_CC1
                0x08000d04       0x20 stm_timer_ll.o
 .text.LL_TIM_DisableIT_CC1
                0x08000d24       0x20 stm_timer_ll.o
 .text.LL_TIM_IsEnabledIT_CC1
                0x08000d44       0x26 stm_timer_ll.o
 .text.LL_TIM_EnableIT_CC2
                0x08000d6a       0x20 stm_timer_ll.o
 .text.LL_TIM_DisableIT_CC2
                0x08000d8a       0x20 stm_timer_ll.o
 .text.LL_TIM_IsEnabledIT_CC2
                0x08000daa       0x26 stm_timer_ll.o
 .text.LL_TIM_EnableIT_CC3
                0x08000dd0       0x20 stm_timer_ll.o
 .text.LL_TIM_DisableIT_CC3
                0x08000df0       0x20 stm_timer_ll.o
 .text.LL_TIM_IsEnabledIT_CC3
                0x08000e10       0x26 stm_timer_ll.o
 .text.LL_TIM_EnableIT_CC4
                0x08000e36       0x20 stm_timer_ll.o
 .text.LL_TIM_DisableIT_CC4
                0x08000e56       0x20 stm_timer_ll.o
 .text.LL_TIM_IsEnabledIT_CC4
                0x08000e76       0x26 stm_timer_ll.o
 .text.LL_TIM_EnableIT_COM
                0x08000e9c       0x20 stm_timer_ll.o
 .text.LL_TIM_DisableIT_COM
                0x08000ebc       0x20 stm_timer_ll.o
 .text.LL_TIM_IsEnabledIT_COM
                0x08000edc       0x26 stm_timer_ll.o
 .text.LL_TIM_EnableIT_TRIG
                0x08000f02       0x20 stm_timer_ll.o
 .text.LL_TIM_DisableIT_TRIG
                0x08000f22       0x20 stm_timer_ll.o
 .text.LL_TIM_IsEnabledIT_TRIG
                0x08000f42       0x26 stm_timer_ll.o
 .text.LL_TIM_EnableIT_BRK
                0x08000f68       0x20 stm_timer_ll.o
 .text.LL_TIM_DisableIT_BRK
                0x08000f88       0x20 stm_timer_ll.o
 .text.LL_TIM_IsEnabledIT_BRK
                0x08000fa8       0x26 stm_timer_ll.o
 .text.LL_TIM_EnableIT_TERR
                0x08000fce       0x20 stm_timer_ll.o
 .text.LL_TIM_DisableIT_TERR
                0x08000fee       0x20 stm_timer_ll.o
 .text.LL_TIM_IsEnabledIT_TERR
                0x0800100e       0x28 stm_timer_ll.o
 .text.LL_TIM_EnableIT_IERR
                0x08001036       0x20 stm_timer_ll.o
 .text.LL_TIM_DisableIT_IERR
                0x08001056       0x20 stm_timer_ll.o
 .text.LL_TIM_IsEnabledIT_IERR
                0x08001076       0x28 stm_timer_ll.o
 .text.LL_TIM_EnableIT_DIR
                0x0800109e       0x20 stm_timer_ll.o
 .text.LL_TIM_DisableIT_DIR
                0x080010be       0x20 stm_timer_ll.o
 .text.LL_TIM_IsEnabledIT_DIR
                0x080010de       0x28 stm_timer_ll.o
 .text.LL_TIM_EnableIT_IDX
                0x08001106       0x20 stm_timer_ll.o
 .text.LL_TIM_DisableIT_IDX
                0x08001126       0x20 stm_timer_ll.o
 .text.LL_TIM_IsEnabledIT_IDX
                0x08001146       0x28 stm_timer_ll.o
 .text.TIM_IsActiveFlagIDX
                0x0800116e       0x34 stm_timer_ll.o
                0x0800116e                TIM_IsActiveFlagIDX
 .text.enableTimerInterrupts
                0x080011a2      0x1c4 stm_timer_ll.o
                0x080011a2                enableTimerInterrupts
 .text.disableTimerInterrupts
                0x08001366      0x1c4 stm_timer_ll.o
                0x08001366                disableTimerInterrupts
 *fill*         0x0800152a        0x2 
 .text.enableTimerChannel1
                0x0800152c       0xb0 stm_timer_ll.o
                0x0800152c                enableTimerChannel1
 .text.disableTimerChannel1
                0x080015dc       0xb0 stm_timer_ll.o
                0x080015dc                disableTimerChannel1
 .text.enableTimerChannel2
                0x0800168c       0xb0 stm_timer_ll.o
                0x0800168c                enableTimerChannel2
 .text.disableTimerChannel2
                0x0800173c       0xb0 stm_timer_ll.o
                0x0800173c                disableTimerChannel2
 .text.Timer_Handle_Init
                0x080017ec      0x140 stm_timer_ll.o
                0x080017ec                Timer_Handle_Init
 .text.getTimerCounterValueForG4
                0x0800192c       0x64 stm_timer_ll.o
                0x0800192c                getTimerCounterValueForG4
 .text.extmodeParseArgs
                0x08001990       0x1e xcp_ext_mode.o
                0x08001990                extmodeParseArgs
 *fill*         0x080019ae        0x2 
 .text.extmodeInit
                0x080019b0      0x128 xcp_ext_mode.o
                0x080019b0                extmodeInit
 .text.extmodeWaitForHostRequest
                0x08001ad8       0xcc xcp_ext_mode.o
                0x08001ad8                extmodeWaitForHostRequest
 .text.extmodeEvent
                0x08001ba4       0xfc xcp_ext_mode.o
                0x08001ba4                extmodeEvent
 .text.extmodeBackgroundRun
                0x08001ca0       0x20 xcp_ext_mode.o
                0x08001ca0                extmodeBackgroundRun
 .text.extmodeReset
                0x08001cc0       0x40 xcp_ext_mode.o
                0x08001cc0                extmodeReset
 .text.extmodeStopRequested
                0x08001d00       0x18 xcp_ext_mode.o
                0x08001d00                extmodeStopRequested
 .text.extmodeSimulationComplete
                0x08001d18       0x18 xcp_ext_mode.o
                0x08001d18                extmodeSimulationComplete
 .text.LL_TIM_EnableCounter
                0x08001d30       0x20 encoder.o
 .text.LL_TIM_DisableCounter
                0x08001d50       0x20 encoder.o
 .text.LL_TIM_SetUpdateSource
                0x08001d70       0x26 encoder.o
 .text.LL_TIM_GetUpdateSource
                0x08001d96       0x1c encoder.o
 .text.LL_TIM_SetRepetitionCounter
                0x08001db2       0x1c encoder.o
 .text.LL_TIM_GenerateEvent_UPDATE
                0x08001dce       0x20 encoder.o
 .text.LL_GPIO_ReadInputPort
                0x08001dee       0x18 encoder.o
 *fill*         0x08001e06        0x2 
 .text.isSlaveTriggerModeEnabled
                0x08001e08       0x30 encoder.o
 .text.enableCounter
                0x08001e38      0x118 encoder.o
 .text.disableCounter
                0x08001f50       0x1a encoder.o
 .text.encoder_DigitalPortRead_Init
                0x08001f6a       0x20 encoder.o
                0x08001f6a                encoder_DigitalPortRead_Init
 *fill*         0x08001f8a        0x2 
 .text.encoder_DigitalPortRead
                0x08001f8c       0x34 encoder.o
                0x08001f8c                encoder_DigitalPortRead
 .text.encoder_SystemCore_setup
                0x08001fc0       0x94 encoder.o
 .text.encoder_SystemCore_setup_c
                0x08002054       0x94 encoder.o
 .text.encoder_SystemCore_setup_ck
                0x080020e8       0x94 encoder.o
 *fill*         0x0800217c        0x4 
 .text.encoder_step
                0x08002180      0xa30 encoder.o
                0x08002180                encoder_step
 .text.encoder_initialize
                0x08002bb0      0x174 encoder.o
                0x08002bb0                encoder_initialize
 .text.encoder_terminate
                0x08002d24      0x114 encoder.o
                0x08002d24                encoder_terminate
 .text.rt_OneStep
                0x08002e38       0x78 ert_main.o
                0x08002e38                rt_OneStep
 .text.main     0x08002eb0      0x18c ert_main.o
                0x08002eb0                main
 .text.xcp_void_printf
                0x0800303c       0x12 xcp_ext_common.o
                0x0800303c                xcp_void_printf
 .text.xcpCopyTimeValue
                0x0800304e       0x26 xcp_ext_common.o
 *fill*         0x08003074        0x4 
 .text.xcpExtModeUpdateTime
                0x08003078      0x13c xcp_ext_common.o
                0x08003078                xcpExtModeUpdateTime
 .text.xcpExtModeInit
                0x080031b4       0xb0 xcp_ext_common.o
                0x080031b4                xcpExtModeInit
 .text.xcpExtModeRunBackground
                0x08003264      0x13c xcp_ext_common.o
                0x08003264                xcpExtModeRunBackground
 .text.xcpExtModeReset
                0x080033a0      0x128 xcp_ext_common.o
                0x080033a0                xcpExtModeReset
 .text.sampleSignalTrigger
                0x080034c8      0x1b4 xcp_ext_classic_trigger.o
 .text.updateTriggerStatus
                0x0800367c      0x2b8 xcp_ext_classic_trigger.o
 .text.xcpExtModeClassicTriggerInit
                0x08003934       0x68 xcp_ext_classic_trigger.o
                0x08003934                xcpExtModeClassicTriggerInit
 .text.xcpExtModeClassicTriggerEnabled
                0x0800399c      0x100 xcp_ext_classic_trigger.o
                0x0800399c                xcpExtModeClassicTriggerEnabled
 .text.xcpExtModeClassicTriggerReset
                0x08003a9c       0xf4 xcp_ext_classic_trigger.o
                0x08003a9c                xcpExtModeClassicTriggerReset
 .text.xcpExtModeClassicTriggerForceEnableStatusUpdate
                0x08003b90       0x78 xcp_ext_classic_trigger.o
                0x08003b90                xcpExtModeClassicTriggerForceEnableStatusUpdate
 .text.msgBufferRealloc
                0x08003c08       0x72 xcp.o
 *fill*         0x08003c7a        0x2 
 .text.discardInputPacketHandler
                0x08003c7c       0x3c xcp.o
 .text.unknownInputPacketHandler
                0x08003cb8       0x34 xcp.o
 .text.xcpGetPacketGroupID
                0x08003cec       0x74 xcp.o
 .text.xcpGetPacketHandlers
                0x08003d60      0x124 xcp.o
 .text.xcpStatusSet
                0x08003e84       0x20 xcp.o
                0x08003e84                xcpStatusSet
 .text.xcpSessionStatusGet
                0x08003ea4       0x18 xcp.o
                0x08003ea4                xcpSessionStatusGet
 .text.xcpSessionStatusSetMask
                0x08003ebc       0x28 xcp.o
                0x08003ebc                xcpSessionStatusSetMask
 .text.xcpSessionStatusClearMask
                0x08003ee4       0x34 xcp.o
                0x08003ee4                xcpSessionStatusClearMask
 .text.xcpResourceProtectionStatusGet
                0x08003f18       0x18 xcp.o
                0x08003f18                xcpResourceProtectionStatusGet
 .text.xcpSessionConfigurationIdGet
                0x08003f30       0x18 xcp.o
                0x08003f30                xcpSessionConfigurationIdGet
 .text.genericOutputPacketHandler
                0x08003f48      0x11c xcp.o
                0x08003f48                genericOutputPacketHandler
 .text.xcpFindPacket
                0x08004064       0x6e xcp.o
                0x08004064                xcpFindPacket
 *fill*         0x080040d2        0x2 
 .text.xcpInit  0x080040d4       0x64 xcp.o
                0x080040d4                xcpInit
 .text.xcpRun   0x08004138      0x194 xcp.o
                0x08004138                xcpRun
 .text.xcpEvent
                0x080042cc       0x50 xcp.o
                0x080042cc                xcpEvent
 .text.xcpGetStatus
                0x0800431c       0x18 xcp.o
                0x0800431c                xcpGetStatus
 .text.xcpReset
                0x08004334       0x40 xcp.o
                0x08004334                xcpReset
 .text.xcpPackedModeEventsFlush
                0x08004374       0x1e xcp.o
                0x08004374                xcpPackedModeEventsFlush
 .text.xcpPackedModeEventReset
                0x08004392       0x2a xcp.o
                0x08004392                xcpPackedModeEventReset
 .text.isValidUploadSize
                0x080043bc       0x30 xcp_standard.o
 .text.xcpMemcpyFromMTA
                0x080043ec       0x38 xcp_standard.o
 .text.connectInputPacketHandler
                0x08004424       0xa4 xcp_standard.o
 .text.connectOutputPacketHandler
                0x080044c8       0xd4 xcp_standard.o
 .text.disconnectInputPacketHandler
                0x0800459c       0x54 xcp_standard.o
 .text.getStatusInputPacketHandler
                0x080045f0       0x28 xcp_standard.o
 .text.getStatusOutputPacketHandler
                0x08004618       0x80 xcp_standard.o
 .text.synchInputPacketHandler
                0x08004698       0x44 xcp_standard.o
 .text.setMTAInputPacketHandler
                0x080046dc       0x78 xcp_standard.o
 .text.uploadInputPacketHandler
                0x08004754       0x98 xcp_standard.o
 .text.uploadOutputPacketHandler
                0x080047ec       0x9c xcp_standard.o
 .text.shortUploadInputPacketHandler
                0x08004888       0xa4 xcp_standard.o
 .text.shortUploadOutputPacketHandler
                0x0800492c       0x9c xcp_standard.o
 .text.getPacket
                0x080049c8       0x24 xcp_standard.o
 .text.xcpStandardInit
                0x080049ec       0x18 xcp_standard.o
                0x080049ec                xcpStandardInit
 .text.xcpStandardGetPacketLookup
                0x08004a04       0x18 xcp_standard.o
                0x08004a04                xcpStandardGetPacketLookup
 .text.xcpStandardSetPacketLookup
                0x08004a1c       0x20 xcp_standard.o
                0x08004a1c                xcpStandardSetPacketLookup
 .text.xcpStandardReset
                0x08004a3c       0x12 xcp_standard.o
                0x08004a3c                xcpStandardReset
 *fill*         0x08004a4e        0x2 
 .text.xcpStandardGetAddressFromMta
                0x08004a50       0x18 xcp_standard.o
                0x08004a50                xcpStandardGetAddressFromMta
 .text.xcpStandardSetMta
                0x08004a68       0x3c xcp_standard.o
                0x08004a68                xcpStandardSetMta
 .text.xcpStandardIncrementMta
                0x08004aa4       0x28 xcp_standard.o
                0x08004aa4                xcpStandardIncrementMta
 .text.xcpStandardExtendedInit
                0x08004acc        0xe xcp_standard.o
                0x08004acc                xcpStandardExtendedInit
 .text.xcpStandardExtendedReset
                0x08004ada        0xe xcp_standard.o
                0x08004ada                xcpStandardExtendedReset
 .text.xcpDaqWriteLock
                0x08004ae8       0x4c xcp_daq.o
 .text.xcpDaqWriteUnlock
                0x08004b34       0x20 xcp_daq.o
 .text.xcpDaqReadLock
                0x08004b54       0x38 xcp_daq.o
 .text.xcpDaqReadUnlock
                0x08004b8c       0x38 xcp_daq.o
 .text.isActiveDaqList
                0x08004bc4       0x50 xcp_daq.o
 .text.noActiveDaqLists
                0x08004c14       0x50 xcp_daq.o
 .text.isValidDaqPtr
                0x08004c64       0xb8 xcp_daq.o
 .text.isValidDaqEntry
                0x08004d1c       0x36 xcp_daq.o
 .text.isSupportedDaqListMode
                0x08004d52       0x26 xcp_daq.o
 .text.isValidStartStopMode
                0x08004d78       0x32 xcp_daq.o
 .text.isValidStartStopSynchMode
                0x08004daa       0x32 xcp_daq.o
 .text.absoluteOdtNumberIdentification
                0x08004ddc       0x10 xcp_daq.o
 .text.isDaqPackedModeEnabled
                0x08004dec       0x6c xcp_daq.o
 .text.odtPacketSize
                0x08004e58       0x54 xcp_daq.o
 .text.createDaqReservedPool
                0x08004eac       0x88 xcp_daq.o
 .text.destroyDaqReservedPool
                0x08004f34       0x2c xcp_daq.o
 .text.setDaqPtrInputPacketHandler
                0x08004f60       0xdc xcp_daq.o
 .text.writeDaqInputPacketHandler
                0x0800503c      0x198 xcp_daq.o
 .text.setDaqListModeInputPacketHandler
                0x080051d4      0x1c8 xcp_daq.o
 .text.startStopDaqListInputPacketHandler
                0x0800539c      0x3f4 xcp_daq.o
 .text.startStopDaqListOutputPacketHandler
                0x08005790       0x5c xcp_daq.o
 .text.startStopSynchInputPacketHandler
                0x080057ec      0x328 xcp_daq.o
 .text.getDaqProcessorInfoInputPacketHandler
                0x08005b14       0x28 xcp_daq.o
 .text.getDaqProcessorInfoOutputPacketHandler
                0x08005b3c       0xac xcp_daq.o
 .text.getDaqResolutionInfoInputPacketHandler
                0x08005be8       0x28 xcp_daq.o
 .text.getDaqResolutionInfoOutputPacketHandler
                0x08005c10       0xb8 xcp_daq.o
 .text.freeDaqInputPacketHandler
                0x08005cc8       0x5c xcp_daq.o
 .text.allocDaqInputPacketHandler
                0x08005d24      0x18c xcp_daq.o
 .text.allocOdtInputPacketHandler
                0x08005eb0      0x1c0 xcp_daq.o
 .text.allocOdtEntryInputPacketHandler
                0x08006070      0x270 xcp_daq.o
 .text.getDaqClockInputPacketHandler
                0x080062e0       0x22 xcp_daq.o
 *fill*         0x08006302        0x2 
 .text.setDaqPackedModeInputPacketHandler
                0x08006304      0x21c xcp_daq.o
 .text.level1CommandInputPacketHandler
                0x08006520       0x64 xcp_daq.o
 .text.getPacket
                0x08006584       0x24 xcp_daq.o
 .text.xcpDaqInit
                0x080065a8       0x38 xcp_daq.o
                0x080065a8                xcpDaqInit
 .text.xcpDaqGetPacketLookup
                0x080065e0       0x18 xcp_daq.o
                0x080065e0                xcpDaqGetPacketLookup
 .text.xcpDaqSetPacketLookup
                0x080065f8       0x20 xcp_daq.o
                0x080065f8                xcpDaqSetPacketLookup
 .text.xcpResetDaq
                0x08006618       0xa4 xcp_daq.o
 .text.daqWriteXCPDataForOdt
                0x080066bc       0x7c xcp_daq.o
 .text.odtWriteEntries
                0x08006738       0x9c xcp_daq.o
 .text.xcpProcessDaq
                0x080067d4      0x208 xcp_daq.o
 .text.xcpDaqEvent
                0x080069dc      0x108 xcp_daq.o
                0x080069dc                xcpDaqEvent
 .text.xcpDaqEventsFlush
                0x08006ae4      0x284 xcp_daq.o
                0x08006ae4                xcpDaqEventsFlush
 .text.xcpDaqLock
                0x08006d68       0x1e xcp_daq.o
                0x08006d68                xcpDaqLock
 .text.xcpDaqUnlock
                0x08006d86        0xe xcp_daq.o
                0x08006d86                xcpDaqUnlock
 .text.xcpResetDaqListStatus
                0x08006d94      0x19c xcp_daq.o
                0x08006d94                xcpResetDaqListStatus
 .text.xcpDaqReset
                0x08006f30       0x20 xcp_daq.o
                0x08006f30                xcpDaqReset
 .text.xcpDaqExtendedInit
                0x08006f50        0xe xcp_daq.o
                0x08006f50                xcpDaqExtendedInit
 .text.xcpDaqExtendedReset
                0x08006f5e        0xe xcp_daq.o
                0x08006f5e                xcpDaqExtendedReset
 .text.isValidShortDownloadSize
                0x08006f6c       0x34 xcp_calibration.o
 .text.isValidDownloadSize
                0x08006fa0       0x3a xcp_calibration.o
 *fill*         0x08006fda        0x2 
 .text.xcpMemcpyToMTA
                0x08006fdc       0x34 xcp_calibration.o
 .text.downloadInputPacketHandler
                0x08007010       0xb0 xcp_calibration.o
 .text.shortDownloadInputPacketHandler
                0x080070c0       0xb8 xcp_calibration.o
 .text.getPacket
                0x08007178       0x24 xcp_calibration.o
 .text.xcpCalibrationInit
                0x0800719c       0x14 xcp_calibration.o
                0x0800719c                xcpCalibrationInit
 .text.xcpCalibrationGetPacketLookup
                0x080071b0       0x18 xcp_calibration.o
                0x080071b0                xcpCalibrationGetPacketLookup
 .text.xcpCalibrationSetPacketLookup
                0x080071c8       0x20 xcp_calibration.o
                0x080071c8                xcpCalibrationSetPacketLookup
 .text.xcpCalibrationReset
                0x080071e8        0xe xcp_calibration.o
                0x080071e8                xcpCalibrationReset
 .text.xcpFifoInit
                0x080071f6       0x20 xcp_fifo.o
                0x080071f6                xcpFifoInit
 .text.xcpFifoEnqueue
                0x08007216       0x2a xcp_fifo.o
                0x08007216                xcpFifoEnqueue
 .text.xcpFifoDequeue
                0x08007240       0x3e xcp_fifo.o
                0x08007240                xcpFifoDequeue
 .text.xcpFifoEnqueueHead
                0x0800727e       0x32 xcp_fifo.o
                0x0800727e                xcpFifoEnqueueHead
 .text.xcpFifoReset
                0x080072b0       0x16 xcp_fifo.o
                0x080072b0                xcpFifoReset
 *fill*         0x080072c6        0x2 
 .text.xcpTransportEmptyTxFifo
                0x080072c8       0x6c xcp_transport.o
 .text.xcpTransportEmptyRxFifo
                0x08007334       0x6c xcp_transport.o
 .text.xcpTransportInit
                0x080073a0      0x138 xcp_transport.o
                0x080073a0                xcpTransportInit
 .text.xcpTransportTxReady
                0x080074d8       0x1a xcp_transport.o
                0x080074d8                xcpTransportTxReady
 .text.xcpTransportTxTrigger
                0x080074f2       0x1a xcp_transport.o
                0x080074f2                xcpTransportTxTrigger
 .text.xcpTransportTxPacketSet
                0x0800750c      0x144 xcp_transport.o
                0x0800750c                xcpTransportTxPacketSet
 .text.xcpTransportTx
                0x08007650       0xec xcp_transport.o
                0x08007650                xcpTransportTx
 .text.xcpTransportRx
                0x0800773c       0x80 xcp_transport.o
                0x0800773c                xcpTransportRx
 .text.xcpTransportRxPacketGet
                0x080077bc      0x12c xcp_transport.o
                0x080077bc                xcpTransportRxPacketGet
 .text.xcpTransportPacketOffset
                0x080078e8       0x20 xcp_transport.o
                0x080078e8                xcpTransportPacketOffset
 .text.xcpTransportMsgBufferSize
                0x08007908       0x70 xcp_transport.o
                0x08007908                xcpTransportMsgBufferSize
 .text.xcpTransportMaxDtoSize
                0x08007978        0xe xcp_transport.o
                0x08007978                xcpTransportMaxDtoSize
 .text.xcpTransportMaxCtoSize
                0x08007986        0xe xcp_transport.o
                0x08007986                xcpTransportMaxCtoSize
 .text.xcpTransportRestart
                0x08007994       0x44 xcp_transport.o
                0x08007994                xcpTransportRestart
 .text.xcpTransportResynch
                0x080079d8       0x40 xcp_transport.o
                0x080079d8                xcpTransportResynch
 .text.xcpTransportCtoReservedMemPoolId
                0x08007a18       0x18 xcp_transport.o
                0x08007a18                xcpTransportCtoReservedMemPoolId
 .text.xcpTransportReset
                0x08007a30       0xe4 xcp_transport.o
                0x08007a30                xcpTransportReset
 .text.xcpInitializePoolMemoryArea
                0x08007b14       0x72 xcp_mem_default.o
 *fill*         0x08007b86        0x2 
 .text.xcpMemInit
                0x08007b88      0x1d4 xcp_mem_default.o
                0x08007b88                xcpMemInit
 .text.xcpMemAlloc
                0x08007d5c       0xe8 xcp_mem_default.o
                0x08007d5c                xcpMemAlloc
 .text.xcpMemFree
                0x08007e44      0x170 xcp_mem_default.o
                0x08007e44                xcpMemFree
 .text.xcpMemReservedPoolCreate
                0x08007fb4      0x224 xcp_mem_default.o
                0x08007fb4                xcpMemReservedPoolCreate
 .text.xcpMemReservedPoolDestroy
                0x080081d8      0x158 xcp_mem_default.o
                0x080081d8                xcpMemReservedPoolDestroy
 .text.xcpMemCustomPoolCreate
                0x08008330       0xbc xcp_mem_default.o
                0x08008330                xcpMemCustomPoolCreate
 .text.xcpMemCustomPoolDestroy
                0x080083ec       0x64 xcp_mem_default.o
                0x080083ec                xcpMemCustomPoolDestroy
 .text.xcpMemAllocFromPool
                0x08008450      0x170 xcp_mem_default.o
                0x08008450                xcpMemAllocFromPool
 .text.xcpMemReset
                0x080085c0       0x50 xcp_mem_default.o
                0x080085c0                xcpMemReset
 .text.xcpDrvOpen
                0x08008610       0x64 xcp_drv_rtiostream.o
                0x08008610                xcpDrvOpen
 .text.xcpDrvIoctl
                0x08008674       0x4c xcp_drv_rtiostream.o
                0x08008674                xcpDrvIoctl
 .text.xcpDrvSend
                0x080086c0      0x14c xcp_drv_rtiostream.o
                0x080086c0                xcpDrvSend
 .text.xcpDrvRecv
                0x0800880c      0x14c xcp_drv_rtiostream.o
                0x0800880c                xcpDrvRecv
 .text.xcpDrvClose
                0x08008958       0x5c xcp_drv_rtiostream.o
                0x08008958                xcpDrvClose
 .text.xcpSortArray
                0x080089b4       0xcc xcp_utils.o
                0x080089b4                xcpSortArray
 .text.xcpSxiHtons
                0x08008a80       0x18 xcp_frame_serial.o
 .text.xcpSxiNtohs
                0x08008a98       0x1c xcp_frame_serial.o
 .text.xcpSxiChecksum
                0x08008ab4       0x3e xcp_frame_serial.o
                0x08008ab4                xcpSxiChecksum
 *fill*         0x08008af2        0x2 
 .text.xcpFrameInit
                0x08008af4       0x70 xcp_frame_serial.o
                0x08008af4                xcpFrameInit
 .text.xcpFrameMsgSend
                0x08008b64      0x188 xcp_frame_serial.o
                0x08008b64                xcpFrameMsgSend
 .text.xcpFrameMsgRecv
                0x08008cec      0x180 xcp_frame_serial.o
                0x08008cec                xcpFrameMsgRecv
 .text.xcpFrameCreateMsg
                0x08008e6c       0x94 xcp_frame_serial.o
                0x08008e6c                xcpFrameCreateMsg
 .text.xcpFrameExtractPacket
                0x08008f00      0x158 xcp_frame_serial.o
                0x08008f00                xcpFrameExtractPacket
 .text.xcpFrameHeaderSize
                0x08009058       0x10 xcp_frame_serial.o
                0x08009058                xcpFrameHeaderSize
 .text.xcpFrameTailSize
                0x08009068       0x10 xcp_frame_serial.o
                0x08009068                xcpFrameTailSize
 .text.xcpFrameMaxDtoSize
                0x08009078       0x12 xcp_frame_serial.o
                0x08009078                xcpFrameMaxDtoSize
 .text.xcpFrameMaxCtoSize
                0x0800908a       0x10 xcp_frame_serial.o
                0x0800908a                xcpFrameMaxCtoSize
 *fill*         0x0800909a        0x2 
 .text.xcpFrameRestart
                0x0800909c       0x30 xcp_frame_serial.o
                0x0800909c                xcpFrameRestart
 .text.xcpFrameSetCtoReservedMemPoolId
                0x080090cc       0x20 xcp_frame_serial.o
                0x080090cc                xcpFrameSetCtoReservedMemPoolId
 .text.xcpFrameReset
                0x080090ec       0x70 xcp_frame_serial.o
                0x080090ec                xcpFrameReset
 .text.xcpTransportGetInitParameters
                0x0800915c       0x2e xcp_ext_param_default_serial.o
                0x0800915c                xcpTransportGetInitParameters
 .text.xcpGetInitParameters
                0x0800918a       0x2e xcp_ext_param_default_serial.o
                0x0800918a                xcpGetInitParameters
 .text.HAL_Delay
                0x080091b8       0x2e overrideHALDelay.o
                0x080091b8                HAL_Delay
 *fill*         0x080091e6        0x2 
 .text.PeriphCommonClock_Config
                0x080091e8       0x10 platform_timer.o
                0x080091e8                PeriphCommonClock_Config
 .text.getCurrentTimestampInMicros
                0x080091f8       0x3c platform_timer.o
                0x080091f8                getCurrentTimestampInMicros
 .text.returnTimeElapsed
                0x08009234       0x2c platform_timer.o
                0x08009234                returnTimeElapsed
 .text.timestampInit
                0x08009260       0x28 platform_timer.o
 .text.getCurrentTimestamp
                0x08009288       0x44 platform_timer.o
                0x08009288                getCurrentTimestamp
 .text.__NVIC_SetPriority
                0x080092cc       0x54 SysTickScheduler.o
 .text.SysTick_Config
                0x08009320       0x44 SysTickScheduler.o
 .text.SysTick_Isr
                0x08009364       0x48 SysTickScheduler.o
 .text.SysTick_Handler
                0x080093ac       0x20 SysTickScheduler.o
                0x080093ac                SysTick_Handler
 .text.ARMCM_SysTick_Config
                0x080093cc       0xb0 SysTickScheduler.o
                0x080093cc                ARMCM_SysTick_Config
 .text.PendSV_Handler
                0x0800947c       0x44 m3m4m4f_multitasking.o
                0x0800947c                PendSV_Handler
 .text.SVC_Handler
                0x080094c0       0x58 m3m4m4f_multitasking.o
                0x080094c0                SVC_Handler
 .text.rtIOStreamOpen
                0x08009518       0x44 rtiostream_serial.o
                0x08009518                rtIOStreamOpen
 .text.rtIOStreamSend
                0x0800955c       0x38 rtiostream_serial.o
                0x0800955c                rtIOStreamSend
 .text.rtIOStreamRecv
                0x08009594       0x48 rtiostream_serial.o
                0x08009594                rtIOStreamRecv
 .text.rtIOStreamClose
                0x080095dc       0x20 rtiostream_serial.o
                0x080095dc                rtIOStreamClose
 .text.LL_DMA_GetDataLength
                0x080095fc       0x30 stm_usart.o
 .text.getAvailableDataInBuffer
                0x0800962c       0xcc stm_usart.o
                0x0800962c                getAvailableDataInBuffer
 .text.getBytesToBeReadFromBuffer
                0x080096f8       0x6e stm_usart.o
                0x080096f8                getBytesToBeReadFromBuffer
 *fill*         0x08009766        0x2 
 .text.readDataFromBuffer
                0x08009768       0xdc stm_usart.o
                0x08009768                readDataFromBuffer
 .text.__NVIC_GetPriorityGrouping
                0x08009844       0x1c stm_lpuart.o
 .text.__NVIC_EnableIRQ
                0x08009860       0x3c stm_lpuart.o
 .text.__NVIC_SetPriority
                0x0800989c       0x54 stm_lpuart.o
 .text.NVIC_EncodePriority
                0x080098f0       0x66 stm_lpuart.o
 *fill*         0x08009956        0x2 
 .text.LL_DMA_EnableChannel
                0x08009958       0x44 stm_lpuart.o
 .text.LL_DMA_DisableChannel
                0x0800999c       0x44 stm_lpuart.o
 .text.LL_DMA_GetMode
                0x080099e0       0x34 stm_lpuart.o
 .text.LL_DMA_SetDataLength
                0x08009a14       0x4c stm_lpuart.o
 .text.LL_DMA_ConfigAddresses
                0x08009a60       0x7c stm_lpuart.o
 .text.LL_DMA_IsActiveFlag_TC1
                0x08009adc       0x26 stm_lpuart.o
 .text.LL_DMA_ClearFlag_TC1
                0x08009b02       0x1a stm_lpuart.o
 .text.LL_DMA_EnableIT_TC
                0x08009b1c       0x44 stm_lpuart.o
 .text.LL_DMA_DisableIT_TC
                0x08009b60       0x44 stm_lpuart.o
 .text.LL_DMA_IsEnabledIT_TC
                0x08009ba4       0x3c stm_lpuart.o
 .text.LL_LPUART_Enable
                0x08009be0       0x20 stm_lpuart.o
 .text.LL_LPUART_Disable
                0x08009c00       0x20 stm_lpuart.o
 .text.LL_LPUART_IsEnabled
                0x08009c20       0x26 stm_lpuart.o
 .text.LL_LPUART_IsActiveFlag_PE
                0x08009c46       0x26 stm_lpuart.o
 .text.LL_LPUART_IsActiveFlag_FE
                0x08009c6c       0x26 stm_lpuart.o
 .text.LL_LPUART_IsActiveFlag_NE
                0x08009c92       0x26 stm_lpuart.o
 .text.LL_LPUART_IsActiveFlag_ORE
                0x08009cb8       0x26 stm_lpuart.o
 .text.LL_LPUART_IsActiveFlag_TC
                0x08009cde       0x26 stm_lpuart.o
 .text.LL_LPUART_IsActiveFlag_TXE_TXFNF
                0x08009d04       0x26 stm_lpuart.o
 .text.LL_LPUART_ClearFlag_PE
                0x08009d2a       0x1a stm_lpuart.o
 .text.LL_LPUART_ClearFlag_FE
                0x08009d44       0x1a stm_lpuart.o
 .text.LL_LPUART_ClearFlag_NE
                0x08009d5e       0x1a stm_lpuart.o
 .text.LL_LPUART_ClearFlag_ORE
                0x08009d78       0x1a stm_lpuart.o
 .text.LL_LPUART_EnableIT_RXNE_RXFNE
                0x08009d92       0x42 stm_lpuart.o
 .text.LL_LPUART_EnableIT_PE
                0x08009dd4       0x42 stm_lpuart.o
 .text.LL_LPUART_EnableIT_ERROR
                0x08009e16       0x46 stm_lpuart.o
 .text.LL_LPUART_DisableIT_RXNE_RXFNE
                0x08009e5c       0x42 stm_lpuart.o
 .text.LL_LPUART_DisableIT_TXE_TXFNF
                0x08009e9e       0x42 stm_lpuart.o
 .text.LL_LPUART_DisableIT_PE
                0x08009ee0       0x42 stm_lpuart.o
 .text.LL_LPUART_DisableIT_ERROR
                0x08009f22       0x46 stm_lpuart.o
 .text.LL_LPUART_EnableDMAReq_RX
                0x08009f68       0x46 stm_lpuart.o
 .text.LL_LPUART_DisableDMAReq_RX
                0x08009fae       0x46 stm_lpuart.o
 .text.LL_LPUART_EnableDMAReq_TX
                0x08009ff4       0x46 stm_lpuart.o
 .text.LL_LPUART_DisableDMAReq_TX
                0x0800a03a       0x46 stm_lpuart.o
 .text.LL_LPUART_DMA_GetRegAddr
                0x0800a080       0x2c stm_lpuart.o
 .text.LL_LPUART_ReceiveData8
                0x0800a0ac       0x1a stm_lpuart.o
 .text.LL_LPUART_TransmitData8
                0x0800a0c6       0x1e stm_lpuart.o
 .text.LPUART_RXDMAInterruptHandler
                0x0800a0e4       0xd4 stm_lpuart.o
                0x0800a0e4                LPUART_RXDMAInterruptHandler
 .text.LPUART_IsActiveFlagError
                0x0800a1b8       0xf4 stm_lpuart.o
                0x0800a1b8                LPUART_IsActiveFlagError
 .text.LPUART1_IRQHandler
                0x0800a2ac       0x14 stm_lpuart.o
                0x0800a2ac                LPUART1_IRQHandler
 .text.DMA1_Channel1_IRQHandler
                0x0800a2c0       0x20 stm_lpuart.o
                0x0800a2c0                DMA1_Channel1_IRQHandler
 .text.LPUART_ConfigureReceiveDMA
                0x0800a2e0       0xae stm_lpuart.o
                0x0800a2e0                LPUART_ConfigureReceiveDMA
 .text.LPUART_ConfigureTransmitDMA
                0x0800a38e       0x7a stm_lpuart.o
                0x0800a38e                LPUART_ConfigureTransmitDMA
 .text.MW_LPUART_GetReadErrorStatus
                0x0800a408       0xc8 stm_lpuart.o
                0x0800a408                MW_LPUART_GetReadErrorStatus
 .text.MW_LPUART_Initialize
                0x0800a4d0      0x170 stm_lpuart.o
                0x0800a4d0                MW_LPUART_Initialize
 .text.MW_LPUART_ReceiveUsingBuffer
                0x0800a640       0x5c stm_lpuart.o
                0x0800a640                MW_LPUART_ReceiveUsingBuffer
 .text.MW_LPUART_TransmitUsingPolling
                0x0800a69c      0x184 stm_lpuart.o
                0x0800a69c                MW_LPUART_TransmitUsingPolling
 .text.MW_LPUART_DeInit
                0x0800a820       0xaa stm_lpuart.o
                0x0800a820                MW_LPUART_DeInit
 .text.sys_arch_protect
                0x0800a8ca       0x22 sys_arch.o
                0x0800a8ca                sys_arch_protect
 .text.sys_arch_unprotect
                0x0800a8ec       0x20 sys_arch.o
                0x0800a8ec                sys_arch_unprotect
 .text.__NVIC_GetPriorityGrouping
                0x0800a90c       0x1c main.o
 .text.__NVIC_EnableIRQ
                0x0800a928       0x3c main.o
 .text.__NVIC_SetPriority
                0x0800a964       0x54 main.o
 .text.NVIC_EncodePriority
                0x0800a9b8       0x66 main.o
 *fill*         0x0800aa1e        0x2 
 .text.LL_DMA_SetDataTransferDirection
                0x0800aa20       0x50 main.o
 .text.LL_DMA_SetMode
                0x0800aa70       0x4c main.o
 .text.LL_DMA_SetPeriphIncMode
                0x0800aabc       0x4c main.o
 .text.LL_DMA_SetMemoryIncMode
                0x0800ab08       0x4c main.o
 .text.LL_DMA_SetPeriphSize
                0x0800ab54       0x4c main.o
 .text.LL_DMA_SetMemorySize
                0x0800aba0       0x4c main.o
 .text.LL_DMA_SetChannelPriorityLevel
                0x0800abec       0x4c main.o
 .text.LL_DMA_SetPeriphRequest
                0x0800ac38       0x54 main.o
 .text.LL_LPUART_Enable
                0x0800ac8c       0x20 main.o
 .text.LL_LPUART_DisableFIFO
                0x0800acac       0x20 main.o
 .text.LL_LPUART_SetTXFIFOThreshold
                0x0800accc       0x4e main.o
 .text.LL_LPUART_SetRXFIFOThreshold
                0x0800ad1a       0x4e main.o
 .text.LL_LPUART_IsActiveFlag_TEACK
                0x0800ad68       0x28 main.o
 .text.LL_LPUART_IsActiveFlag_REACK
                0x0800ad90       0x28 main.o
 .text.LL_RCC_HSI_Enable
                0x0800adb8       0x20 main.o
 .text.LL_RCC_HSI_IsReady
                0x0800add8       0x28 main.o
 .text.LL_RCC_HSI_SetCalibTrimming
                0x0800ae00       0x2c main.o
 .text.LL_RCC_SetSysClkSource
                0x0800ae2c       0x28 main.o
 .text.LL_RCC_GetSysClkSource
                0x0800ae54       0x1c main.o
 .text.LL_RCC_SetAHBPrescaler
                0x0800ae70       0x28 main.o
 .text.LL_RCC_SetAPB1Prescaler
                0x0800ae98       0x28 main.o
 .text.LL_RCC_SetAPB2Prescaler
                0x0800aec0       0x28 main.o
 .text.LL_RCC_SetLPUARTClockSource
                0x0800aee8       0x2c main.o
 .text.LL_RCC_PLL_Enable
                0x0800af14       0x20 main.o
 .text.LL_RCC_PLL_IsReady
                0x0800af34       0x28 main.o
 .text.LL_RCC_PLL_ConfigDomain_SYS
                0x0800af5c       0x40 main.o
 .text.LL_RCC_PLL_EnableDomain_SYS
                0x0800af9c       0x20 main.o
 .text.LL_AHB1_GRP1_EnableClock
                0x0800afbc       0x30 main.o
 .text.LL_AHB2_GRP1_EnableClock
                0x0800afec       0x30 main.o
 .text.LL_APB1_GRP1_EnableClock
                0x0800b01c       0x30 main.o
 .text.LL_APB1_GRP2_EnableClock
                0x0800b04c       0x30 main.o
 .text.LL_APB2_GRP1_EnableClock
                0x0800b07c       0x30 main.o
 .text.LL_SYSCFG_SetEXTISource
                0x0800b0ac       0x70 main.o
 .text.LL_FLASH_SetLatency
                0x0800b11c       0x28 main.o
 .text.LL_FLASH_GetLatency
                0x0800b144       0x1c main.o
 .text.LL_PWR_EnableRange1BoostMode
                0x0800b160       0x24 main.o
 .text.LL_TIM_DisableARRPreload
                0x0800b184       0x20 main.o
 .text.LL_TIM_IC_SetActiveInput
                0x0800b1a4       0xc0 main.o
 .text.LL_TIM_IC_SetPrescaler
                0x0800b264       0xc0 main.o
 .text.LL_TIM_IC_SetFilter
                0x0800b324       0xc0 main.o
 .text.LL_TIM_IC_SetPolarity
                0x0800b3e4       0xac main.o
 .text.LL_TIM_SetEncoderMode
                0x0800b490       0x2a main.o
 .text.LL_TIM_SetTriggerOutput
                0x0800b4ba       0x2a main.o
 .text.LL_TIM_SetTriggerOutput2
                0x0800b4e4       0x26 main.o
 .text.LL_TIM_DisableMasterSlaveMode
                0x0800b50a       0x20 main.o
 .text.LL_GPIO_SetPinMode
                0x0800b52a       0x7a main.o
 .text.LL_GPIO_SetPinPull
                0x0800b5a4       0x7a main.o
 .text.LL_GPIO_ResetOutputPin
                0x0800b61e       0x1c main.o
 *fill*         0x0800b63a        0x2 
 .text.SystemClock_Config
                0x0800b63c       0xc8 main.o
                0x0800b63c                SystemClock_Config
 .text.MX_LPUART1_UART_Init
                0x0800b704      0x148 main.o
                0x0800b704                MX_LPUART1_UART_Init
 .text.MX_TIM3_Init
                0x0800b84c      0x118 main.o
                0x0800b84c                MX_TIM3_Init
 .text.MX_TIM4_Init
                0x0800b964      0x118 main.o
                0x0800b964                MX_TIM4_Init
 .text.MX_TIM8_Init
                0x0800ba7c      0x124 main.o
                0x0800ba7c                MX_TIM8_Init
 .text.MX_DMA_Init
                0x0800bba0       0x34 main.o
                0x0800bba0                MX_DMA_Init
 .text.MX_GPIO_Init
                0x0800bbd4      0x108 main.o
                0x0800bbd4                MX_GPIO_Init
 .text.HAL_TIM_PeriodElapsedCallback
                0x0800bcdc       0x1e main.o
                0x0800bcdc                HAL_TIM_PeriodElapsedCallback
 .text.Error_Handler
                0x0800bcfa        0xc main.o
                0x0800bcfa                Error_Handler
 *fill*         0x0800bd06        0x2 
 .text.LL_EXTI_IsActiveFlag_0_31
                0x0800bd08       0x2c stm32g4xx_it.o
 .text.LL_EXTI_ClearFlag_0_31
                0x0800bd34       0x20 stm32g4xx_it.o
 .text.NMI_Handler
                0x0800bd54        0x8 stm32g4xx_it.o
                0x0800bd54                NMI_Handler
 .text.HardFault_Handler
                0x0800bd5c        0x8 stm32g4xx_it.o
                0x0800bd5c                HardFault_Handler
 .text.MemManage_Handler
                0x0800bd64        0x8 stm32g4xx_it.o
                0x0800bd64                MemManage_Handler
 .text.BusFault_Handler
                0x0800bd6c        0x8 stm32g4xx_it.o
                0x0800bd6c                BusFault_Handler
 .text.UsageFault_Handler
                0x0800bd74        0x8 stm32g4xx_it.o
                0x0800bd74                UsageFault_Handler
 .text.DebugMon_Handler
                0x0800bd7c        0xe stm32g4xx_it.o
                0x0800bd7c                DebugMon_Handler
 *fill*         0x0800bd8a        0x2 
 .text.TIM2_IRQHandler
                0x0800bd8c       0x14 stm32g4xx_it.o
                0x0800bd8c                TIM2_IRQHandler
 .text.EXTI15_10_IRQHandler
                0x0800bda0       0x1e stm32g4xx_it.o
                0x0800bda0                EXTI15_10_IRQHandler
 *fill*         0x0800bdbe        0x2 
 .text.HAL_MspInit
                0x0800bdc0       0x48 stm32g4xx_hal_msp.o
                0x0800bdc0                HAL_MspInit
 .text.HAL_InitTick
                0x0800be08       0xdc stm32g4xx_hal_timebase_tim.o
                0x0800be08                HAL_InitTick
 .text.LL_SetSystemCoreClock
                0x0800bee4       0x20 stm32g4xx_ll_utils.o
                0x0800bee4                LL_SetSystemCoreClock
 .text.LL_EXTI_EnableIT_0_31
                0x0800bf04       0x24 stm32g4xx_ll_exti.o
 .text.LL_EXTI_EnableIT_32_63
                0x0800bf28       0x24 stm32g4xx_ll_exti.o
 .text.LL_EXTI_DisableIT_0_31
                0x0800bf4c       0x28 stm32g4xx_ll_exti.o
 .text.LL_EXTI_DisableIT_32_63
                0x0800bf74       0x28 stm32g4xx_ll_exti.o
 .text.LL_EXTI_EnableEvent_0_31
                0x0800bf9c       0x24 stm32g4xx_ll_exti.o
 .text.LL_EXTI_EnableEvent_32_63
                0x0800bfc0       0x24 stm32g4xx_ll_exti.o
 .text.LL_EXTI_DisableEvent_0_31
                0x0800bfe4       0x28 stm32g4xx_ll_exti.o
 .text.LL_EXTI_DisableEvent_32_63
                0x0800c00c       0x28 stm32g4xx_ll_exti.o
 .text.LL_EXTI_EnableRisingTrig_0_31
                0x0800c034       0x24 stm32g4xx_ll_exti.o
 .text.LL_EXTI_EnableRisingTrig_32_63
                0x0800c058       0x24 stm32g4xx_ll_exti.o
 .text.LL_EXTI_DisableRisingTrig_0_31
                0x0800c07c       0x28 stm32g4xx_ll_exti.o
 .text.LL_EXTI_DisableRisingTrig_32_63
                0x0800c0a4       0x28 stm32g4xx_ll_exti.o
 .text.LL_EXTI_EnableFallingTrig_0_31
                0x0800c0cc       0x24 stm32g4xx_ll_exti.o
 .text.LL_EXTI_EnableFallingTrig_32_63
                0x0800c0f0       0x24 stm32g4xx_ll_exti.o
 .text.LL_EXTI_DisableFallingTrig_0_31
                0x0800c114       0x28 stm32g4xx_ll_exti.o
 .text.LL_EXTI_DisableFallingTrig_32_63
                0x0800c13c       0x28 stm32g4xx_ll_exti.o
 .text.LL_EXTI_Init
                0x0800c164      0x1ec stm32g4xx_ll_exti.o
                0x0800c164                LL_EXTI_Init
 .text.LL_GPIO_SetPinMode
                0x0800c350       0x7a stm32g4xx_ll_gpio.o
 .text.LL_GPIO_SetPinOutputType
                0x0800c3ca       0x30 stm32g4xx_ll_gpio.o
 .text.LL_GPIO_SetPinSpeed
                0x0800c3fa       0x7a stm32g4xx_ll_gpio.o
 .text.LL_GPIO_SetPinPull
                0x0800c474       0x7a stm32g4xx_ll_gpio.o
 .text.LL_GPIO_SetAFPin_0_7
                0x0800c4ee       0x7a stm32g4xx_ll_gpio.o
 .text.LL_GPIO_SetAFPin_8_15
                0x0800c568       0x7e stm32g4xx_ll_gpio.o
 .text.LL_GPIO_Init
                0x0800c5e6       0xdc stm32g4xx_ll_gpio.o
                0x0800c5e6                LL_GPIO_Init
 .text.LL_LPUART_IsEnabled
                0x0800c6c2       0x26 stm32g4xx_ll_lpuart.o
 .text.LL_LPUART_SetPrescaler
                0x0800c6e8       0x28 stm32g4xx_ll_lpuart.o
 .text.LL_LPUART_SetStopBitsLength
                0x0800c710       0x26 stm32g4xx_ll_lpuart.o
 .text.LL_LPUART_SetHWFlowCtrl
                0x0800c736       0x26 stm32g4xx_ll_lpuart.o
 .text.LL_LPUART_SetBaudRate
                0x0800c75c       0x98 stm32g4xx_ll_lpuart.o
 .text.LL_LPUART_Init
                0x0800c7f4       0x98 stm32g4xx_ll_lpuart.o
                0x0800c7f4                LL_LPUART_Init
 .text.LL_RCC_HSI_IsReady
                0x0800c88c       0x28 stm32g4xx_ll_rcc.o
 .text.LL_RCC_LSE_IsReady
                0x0800c8b4       0x28 stm32g4xx_ll_rcc.o
 .text.LL_RCC_GetSysClkSource
                0x0800c8dc       0x1c stm32g4xx_ll_rcc.o
 .text.LL_RCC_GetAHBPrescaler
                0x0800c8f8       0x1c stm32g4xx_ll_rcc.o
 .text.LL_RCC_GetAPB1Prescaler
                0x0800c914       0x1c stm32g4xx_ll_rcc.o
 .text.LL_RCC_GetLPUARTClockSource
                0x0800c930       0x24 stm32g4xx_ll_rcc.o
 .text.LL_RCC_PLL_GetMainSource
                0x0800c954       0x1c stm32g4xx_ll_rcc.o
 .text.LL_RCC_PLL_GetN
                0x0800c970       0x1c stm32g4xx_ll_rcc.o
 .text.LL_RCC_PLL_GetR
                0x0800c98c       0x1c stm32g4xx_ll_rcc.o
 .text.LL_RCC_PLL_GetDivider
                0x0800c9a8       0x1c stm32g4xx_ll_rcc.o
 .text.LL_RCC_GetLPUARTClockFreq
                0x0800c9c4       0x84 stm32g4xx_ll_rcc.o
                0x0800c9c4                LL_RCC_GetLPUARTClockFreq
 .text.RCC_GetSystemClockFreq
                0x0800ca48       0x4c stm32g4xx_ll_rcc.o
 .text.RCC_GetHCLKClockFreq
                0x0800ca94       0x30 stm32g4xx_ll_rcc.o
 .text.RCC_GetPCLK1ClockFreq
                0x0800cac4       0x2c stm32g4xx_ll_rcc.o
 .text.RCC_PLL_GetFreqDomain_SYS
                0x0800caf0       0x68 stm32g4xx_ll_rcc.o
 .text.HAL_Init
                0x0800cb58       0x30 stm32g4xx_hal.o
                0x0800cb58                HAL_Init
 .text.HAL_IncTick
                0x0800cb88       0x24 stm32g4xx_hal.o
                0x0800cb88                HAL_IncTick
 .text.HAL_GetTick
                0x0800cbac       0x18 stm32g4xx_hal.o
                0x0800cbac                HAL_GetTick
 .text.HAL_RCC_GetHCLKFreq
                0x0800cbc4       0x18 stm32g4xx_hal_rcc.o
                0x0800cbc4                HAL_RCC_GetHCLKFreq
 .text.HAL_RCC_GetPCLK1Freq
                0x0800cbdc       0x2c stm32g4xx_hal_rcc.o
                0x0800cbdc                HAL_RCC_GetPCLK1Freq
 .text.HAL_RCC_GetClockConfig
                0x0800cc08       0x64 stm32g4xx_hal_rcc.o
                0x0800cc08                HAL_RCC_GetClockConfig
 .text.HAL_PWREx_DisableUCPDDeadBattery
                0x0800cc6c       0x20 stm32g4xx_hal_pwr_ex.o
                0x0800cc6c                HAL_PWREx_DisableUCPDDeadBattery
 .text.__NVIC_SetPriorityGrouping
                0x0800cc8c       0x48 stm32g4xx_hal_cortex.o
 .text.__NVIC_GetPriorityGrouping
                0x0800ccd4       0x1c stm32g4xx_hal_cortex.o
 .text.__NVIC_EnableIRQ
                0x0800ccf0       0x3c stm32g4xx_hal_cortex.o
 .text.__NVIC_SetPriority
                0x0800cd2c       0x54 stm32g4xx_hal_cortex.o
 .text.NVIC_EncodePriority
                0x0800cd80       0x66 stm32g4xx_hal_cortex.o
 .text.HAL_NVIC_SetPriorityGrouping
                0x0800cde6       0x16 stm32g4xx_hal_cortex.o
                0x0800cde6                HAL_NVIC_SetPriorityGrouping
 .text.HAL_NVIC_SetPriority
                0x0800cdfc       0x34 stm32g4xx_hal_cortex.o
                0x0800cdfc                HAL_NVIC_SetPriority
 .text.HAL_NVIC_EnableIRQ
                0x0800ce30       0x1c stm32g4xx_hal_cortex.o
                0x0800ce30                HAL_NVIC_EnableIRQ
 .text.HAL_TIM_Base_Init
                0x0800ce4c       0xae stm32g4xx_hal_tim.o
                0x0800ce4c                HAL_TIM_Base_Init
 .text.HAL_TIM_Base_MspInit
                0x0800cefa       0x14 stm32g4xx_hal_tim.o
                0x0800cefa                HAL_TIM_Base_MspInit
 *fill*         0x0800cf0e        0x2 
 .text.HAL_TIM_Base_Start_IT
                0x0800cf10       0xf0 stm32g4xx_hal_tim.o
                0x0800cf10                HAL_TIM_Base_Start_IT
 .text.HAL_TIM_IRQHandler
                0x0800d000      0x2fe stm32g4xx_hal_tim.o
                0x0800d000                HAL_TIM_IRQHandler
 .text.HAL_TIM_OC_DelayElapsedCallback
                0x0800d2fe       0x14 stm32g4xx_hal_tim.o
                0x0800d2fe                HAL_TIM_OC_DelayElapsedCallback
 .text.HAL_TIM_IC_CaptureCallback
                0x0800d312       0x14 stm32g4xx_hal_tim.o
                0x0800d312                HAL_TIM_IC_CaptureCallback
 .text.HAL_TIM_PWM_PulseFinishedCallback
                0x0800d326       0x14 stm32g4xx_hal_tim.o
                0x0800d326                HAL_TIM_PWM_PulseFinishedCallback
 .text.HAL_TIM_TriggerCallback
                0x0800d33a       0x14 stm32g4xx_hal_tim.o
                0x0800d33a                HAL_TIM_TriggerCallback
 *fill*         0x0800d34e        0x2 
 .text.TIM_Base_SetConfig
                0x0800d350      0x150 stm32g4xx_hal_tim.o
                0x0800d350                TIM_Base_SetConfig
 .text.HAL_TIMEx_CommutCallback
                0x0800d4a0       0x14 stm32g4xx_hal_tim_ex.o
                0x0800d4a0                HAL_TIMEx_CommutCallback
 .text.HAL_TIMEx_BreakCallback
                0x0800d4b4       0x14 stm32g4xx_hal_tim_ex.o
                0x0800d4b4                HAL_TIMEx_BreakCallback
 .text.HAL_TIMEx_Break2Callback
                0x0800d4c8       0x14 stm32g4xx_hal_tim_ex.o
                0x0800d4c8                HAL_TIMEx_Break2Callback
 .text.HAL_TIMEx_EncoderIndexCallback
                0x0800d4dc       0x14 stm32g4xx_hal_tim_ex.o
                0x0800d4dc                HAL_TIMEx_EncoderIndexCallback
 .text.HAL_TIMEx_DirectionChangeCallback
                0x0800d4f0       0x14 stm32g4xx_hal_tim_ex.o
                0x0800d4f0                HAL_TIMEx_DirectionChangeCallback
 .text.HAL_TIMEx_IndexErrorCallback
                0x0800d504       0x14 stm32g4xx_hal_tim_ex.o
                0x0800d504                HAL_TIMEx_IndexErrorCallback
 .text.HAL_TIMEx_TransitionErrorCallback
                0x0800d518       0x14 stm32g4xx_hal_tim_ex.o
                0x0800d518                HAL_TIMEx_TransitionErrorCallback
 .text.LL_TIM_SetPrescaler
                0x0800d52c       0x1c stm32g4xx_ll_tim.o
 .text.LL_TIM_SetAutoReload
                0x0800d548       0x1c stm32g4xx_ll_tim.o
 .text.LL_TIM_SetRepetitionCounter
                0x0800d564       0x1c stm32g4xx_ll_tim.o
 .text.LL_TIM_GenerateEvent_UPDATE
                0x0800d580       0x20 stm32g4xx_ll_tim.o
 .text.LL_TIM_Init
                0x0800d5a0      0x144 stm32g4xx_ll_tim.o
                0x0800d5a0                LL_TIM_Init
 .text.SystemInit
                0x0800d6e4       0x24 system_stm32g4xx.o
                0x0800d6e4                SystemInit
 .text.Reset_Handler
                0x0800d708       0x50 startup_stm32g474retx.o
                0x0800d708                Reset_Handler
 .text.Default_Handler
                0x0800d758        0x2 startup_stm32g474retx.o
                0x0800d758                RTC_Alarm_IRQHandler
                0x0800d758                EXTI2_IRQHandler
                0x0800d758                TIM8_TRG_COM_IRQHandler
                0x0800d758                TIM8_CC_IRQHandler
                0x0800d758                HRTIM1_Master_IRQHandler
                0x0800d758                SPI4_IRQHandler
                0x0800d758                FDCAN3_IT0_IRQHandler
                0x0800d758                TIM1_CC_IRQHandler
                0x0800d758                HRTIM1_FLT_IRQHandler
                0x0800d758                HRTIM1_TIMF_IRQHandler
                0x0800d758                USB_HP_IRQHandler
                0x0800d758                CORDIC_IRQHandler
                0x0800d758                HRTIM1_TIMD_IRQHandler
                0x0800d758                DMA2_Channel8_IRQHandler
                0x0800d758                EXTI3_IRQHandler
                0x0800d758                I2C3_ER_IRQHandler
                0x0800d758                EXTI0_IRQHandler
                0x0800d758                I2C2_EV_IRQHandler
                0x0800d758                FPU_IRQHandler
                0x0800d758                FDCAN1_IT1_IRQHandler
                0x0800d758                TIM1_UP_TIM16_IRQHandler
                0x0800d758                ADC1_2_IRQHandler
                0x0800d758                HRTIM1_TIME_IRQHandler
                0x0800d758                SPI1_IRQHandler
                0x0800d758                TIM6_DAC_IRQHandler
                0x0800d758                HRTIM1_TIMC_IRQHandler
                0x0800d758                TIM8_UP_IRQHandler
                0x0800d758                DMA2_Channel2_IRQHandler
                0x0800d758                DMA1_Channel4_IRQHandler
                0x0800d758                TIM20_TRG_COM_IRQHandler
                0x0800d758                USART3_IRQHandler
                0x0800d758                DMA1_Channel7_IRQHandler
                0x0800d758                UART5_IRQHandler
                0x0800d758                ADC3_IRQHandler
                0x0800d758                TIM4_IRQHandler
                0x0800d758                DMA2_Channel1_IRQHandler
                0x0800d758                QUADSPI_IRQHandler
                0x0800d758                I2C1_EV_IRQHandler
                0x0800d758                DMA1_Channel6_IRQHandler
                0x0800d758                UART4_IRQHandler
                0x0800d758                DMA2_Channel4_IRQHandler
                0x0800d758                TIM3_IRQHandler
                0x0800d758                RCC_IRQHandler
                0x0800d758                TIM20_UP_IRQHandler
                0x0800d758                Default_Handler
                0x0800d758                DMA2_Channel7_IRQHandler
                0x0800d758                RTC_TAMP_LSECSS_IRQHandler
                0x0800d758                FMAC_IRQHandler
                0x0800d758                DMA1_Channel8_IRQHandler
                0x0800d758                HRTIM1_TIMA_IRQHandler
                0x0800d758                TIM7_DAC_IRQHandler
                0x0800d758                FDCAN3_IT1_IRQHandler
                0x0800d758                TIM5_IRQHandler
                0x0800d758                UCPD1_IRQHandler
                0x0800d758                I2C3_EV_IRQHandler
                0x0800d758                EXTI9_5_IRQHandler
                0x0800d758                RTC_WKUP_IRQHandler
                0x0800d758                PVD_PVM_IRQHandler
                0x0800d758                SPI2_IRQHandler
                0x0800d758                ADC5_IRQHandler
                0x0800d758                DMA2_Channel5_IRQHandler
                0x0800d758                CRS_IRQHandler
                0x0800d758                DMA1_Channel5_IRQHandler
                0x0800d758                USB_LP_IRQHandler
                0x0800d758                EXTI4_IRQHandler
                0x0800d758                RNG_IRQHandler
                0x0800d758                HRTIM1_TIMB_IRQHandler
                0x0800d758                TIM1_TRG_COM_TIM17_IRQHandler
                0x0800d758                FDCAN2_IT1_IRQHandler
                0x0800d758                DMA1_Channel3_IRQHandler
                0x0800d758                ADC4_IRQHandler
                0x0800d758                WWDG_IRQHandler
                0x0800d758                I2C4_EV_IRQHandler
                0x0800d758                FDCAN2_IT0_IRQHandler
                0x0800d758                DMA2_Channel6_IRQHandler
                0x0800d758                FDCAN1_IT0_IRQHandler
                0x0800d758                COMP7_IRQHandler
                0x0800d758                COMP1_2_3_IRQHandler
                0x0800d758                EXTI1_IRQHandler
                0x0800d758                USART2_IRQHandler
                0x0800d758                COMP4_5_6_IRQHandler
                0x0800d758                TIM20_BRK_IRQHandler
                0x0800d758                I2C2_ER_IRQHandler
                0x0800d758                DMA1_Channel2_IRQHandler
                0x0800d758                TIM8_BRK_IRQHandler
                0x0800d758                FLASH_IRQHandler
                0x0800d758                TIM20_CC_IRQHandler
                0x0800d758                USART1_IRQHandler
                0x0800d758                SPI3_IRQHandler
                0x0800d758                I2C1_ER_IRQHandler
                0x0800d758                FMC_IRQHandler
                0x0800d758                LPTIM1_IRQHandler
                0x0800d758                DMAMUX_OVR_IRQHandler
                0x0800d758                I2C4_ER_IRQHandler
                0x0800d758                USBWakeUp_IRQHandler
                0x0800d758                SAI1_IRQHandler
                0x0800d758                DMA2_Channel3_IRQHandler
                0x0800d758                TIM1_BRK_TIM15_IRQHandler
 *fill*         0x0800d75a        0x2 
 .text.fmod     0x0800d75c       0x6c C:/ProgramData/MATLAB/SupportPackages/R2024b/3P.instrset/gnuarm-armcortex.instrset/win/bin/../lib/gcc/arm-none-eabi/13.2.1/thumb/v7e-m+fp/hard\libm.a(libm_a-w_fmod.o)
                0x0800d75c                fmod
 .text.__ieee754_fmod
                0x0800d7c8      0x30c C:/ProgramData/MATLAB/SupportPackages/R2024b/3P.instrset/gnuarm-armcortex.instrset/win/bin/../lib/gcc/arm-none-eabi/13.2.1/thumb/v7e-m+fp/hard\libm.a(libm_a-e_fmod.o)
                0x0800d7c8                __ieee754_fmod
 .text.__udivmoddi4
                0x0800dad4      0x2bc C:/ProgramData/MATLAB/SupportPackages/R2024b/3P.instrset/gnuarm-armcortex.instrset/win/bin/../lib/gcc/arm-none-eabi/13.2.1/thumb/v7e-m+fp/hard\libgcc.a(_udivmoddi4.o)
                0x0800dad4                __udivmoddi4
 .text.memset   0x0800dd90       0x10 C:/ProgramData/MATLAB/SupportPackages/R2024b/3P.instrset/gnuarm-armcortex.instrset/win/bin/../lib/gcc/arm-none-eabi/13.2.1/thumb/v7e-m+fp/hard\libg_nano.a(libc_a-memset.o)
                0x0800dd90                memset
 .text.__errno  0x0800dda0        0xc C:/ProgramData/MATLAB/SupportPackages/R2024b/3P.instrset/gnuarm-armcortex.instrset/win/bin/../lib/gcc/arm-none-eabi/13.2.1/thumb/v7e-m+fp/hard\libg_nano.a(libc_a-errno.o)
                0x0800dda0                __errno
 .text.__libc_init_array
                0x0800ddac       0x48 C:/ProgramData/MATLAB/SupportPackages/R2024b/3P.instrset/gnuarm-armcortex.instrset/win/bin/../lib/gcc/arm-none-eabi/13.2.1/thumb/v7e-m+fp/hard\libg_nano.a(libc_a-init.o)
                0x0800ddac                __libc_init_array
 .text.memcpy   0x0800ddf4       0x1c C:/ProgramData/MATLAB/SupportPackages/R2024b/3P.instrset/gnuarm-armcortex.instrset/win/bin/../lib/gcc/arm-none-eabi/13.2.1/thumb/v7e-m+fp/hard\libg_nano.a(libc_a-memcpy-stub.o)
                0x0800ddf4                memcpy
 *(.glue_7)
 .glue_7        0x0800de10        0x0 linker stubs
 *(.glue_7t)
 .glue_7t       0x0800de10        0x0 linker stubs
 *(.eh_frame)
 .eh_frame      0x0800de10        0x0 C:/ProgramData/MATLAB/SupportPackages/R2024b/3P.instrset/gnuarm-armcortex.instrset/win/bin/../lib/gcc/arm-none-eabi/13.2.1/thumb/v7e-m+fp/hard/crtbegin.o
 *(.init)
 .init          0x0800de10        0x4 C:/ProgramData/MATLAB/SupportPackages/R2024b/3P.instrset/gnuarm-armcortex.instrset/win/bin/../lib/gcc/arm-none-eabi/13.2.1/thumb/v7e-m+fp/hard/crti.o
                0x0800de10                _init
 .init          0x0800de14        0x8 C:/ProgramData/MATLAB/SupportPackages/R2024b/3P.instrset/gnuarm-armcortex.instrset/win/bin/../lib/gcc/arm-none-eabi/13.2.1/thumb/v7e-m+fp/hard/crtn.o
 *(.fini)
 .fini          0x0800de1c        0x4 C:/ProgramData/MATLAB/SupportPackages/R2024b/3P.instrset/gnuarm-armcortex.instrset/win/bin/../lib/gcc/arm-none-eabi/13.2.1/thumb/v7e-m+fp/hard/crti.o
                0x0800de1c                _fini
 .fini          0x0800de20        0x8 C:/ProgramData/MATLAB/SupportPackages/R2024b/3P.instrset/gnuarm-armcortex.instrset/win/bin/../lib/gcc/arm-none-eabi/13.2.1/thumb/v7e-m+fp/hard/crtn.o
                0x0800de28                        . = ALIGN (0x4)
                0x0800de28                        _etext = .

.vfp11_veneer   0x0800de28        0x0
 .vfp11_veneer  0x0800de28        0x0 linker stubs

.v4_bx          0x0800de28        0x0
 .v4_bx         0x0800de28        0x0 linker stubs

.iplt           0x0800de28        0x0
 .iplt          0x0800de28        0x0 C:/ProgramData/MATLAB/SupportPackages/R2024b/3P.instrset/gnuarm-armcortex.instrset/win/bin/../lib/gcc/arm-none-eabi/13.2.1/thumb/v7e-m+fp/hard/crtbegin.o

.rodata         0x0800de28     0x2a18
                0x0800de28                        . = ALIGN (0x4)
 *(.rodata)
 .rodata        0x0800de28      0x2b9 xcp_ext_mode.o
 *fill*         0x0800e0e1        0x3 
 .rodata        0x0800e0e4      0x12e xcp_ext_common.o
 *fill*         0x0800e212        0x2 
 .rodata        0x0800e214       0x4c xcp_ext_classic_trigger.o
 .rodata        0x0800e260      0x278 xcp.o
 .rodata        0x0800e4d8      0x3a9 xcp_standard.o
 *fill*         0x0800e881        0x3 
 .rodata        0x0800e884     0x1010 xcp_daq.o
 .rodata        0x0800f894       0xdd xcp_calibration.o
 *fill*         0x0800f971        0x3 
 .rodata        0x0800f974      0x56e xcp_transport.o
 *fill*         0x0800fee2        0x2 
 .rodata        0x0800fee4       0xf5 xcp_mem_default.o
 *fill*         0x0800ffd9        0x3 
 .rodata        0x0800ffdc      0x228 xcp_drv_rtiostream.o
 .rodata        0x08010204      0x4aa xcp_frame_serial.o
 *(.rodata*)
 *fill*         0x080106ae        0x2 
 .rodata.encoder_M
                0x080106b0        0x4 encoder.o
                0x080106b0                encoder_M
 .rodata.rtAlwaysEnabled.0
                0x080106b4        0x1 encoder.o
 *fill*         0x080106b5        0x3 
 .rodata.standardSupportedRxPacket
                0x080106b8       0x54 xcp_standard.o
 .rodata.daqSupportedRxPacket
                0x0801070c       0x9c xcp_daq.o
 .rodata.calibrationSupportedRxPacket
                0x080107a8       0x18 xcp_calibration.o
 .rodata.CHANNEL_OFFSET_TAB
                0x080107c0        0x8 stm_usart.o
 .rodata.CHANNEL_OFFSET_TAB
                0x080107c8        0x8 stm_lpuart.o
 .rodata.CHANNEL_OFFSET_TAB
                0x080107d0        0x8 main.o
 .rodata.OFFSET_TAB_CCMRx
                0x080107d8        0xa main.o
 *fill*         0x080107e2        0x2 
 .rodata.SHIFT_TAB_ICxx
                0x080107e4        0xa main.o
 *fill*         0x080107ee        0x2 
 .rodata.SHIFT_TAB_CCxP
                0x080107f0        0xa main.o
 *fill*         0x080107fa        0x2 
 .rodata.LPUART_PRESCALER_TAB
                0x080107fc       0x18 stm32g4xx_ll_lpuart.o
 .rodata.AHBPrescTable
                0x08010814       0x10 system_stm32g4xx.o
                0x08010814                AHBPrescTable
 .rodata.APBPrescTable
                0x08010824        0x8 system_stm32g4xx.o
                0x08010824                APBPrescTable
 *fill*         0x0801082c        0x4 
 .rodata.Zero   0x08010830       0x10 C:/ProgramData/MATLAB/SupportPackages/R2024b/3P.instrset/gnuarm-armcortex.instrset/win/bin/../lib/gcc/arm-none-eabi/13.2.1/thumb/v7e-m+fp/hard\libm.a(libm_a-e_fmod.o)
                0x08010840                        . = ALIGN (0x4)

.ARM.extab      0x08010840        0x0
                0x08010840                        . = ALIGN (0x4)
 *(.ARM.extab* .gnu.linkonce.armextab.*)
                0x08010840                        . = ALIGN (0x4)

.ARM            0x08010840        0x8
                0x08010840                        . = ALIGN (0x4)
                0x08010840                        __exidx_start = .
 *(.ARM.exidx*)
 .ARM.exidx.text.__udivmoddi4
                0x08010840        0x8 C:/ProgramData/MATLAB/SupportPackages/R2024b/3P.instrset/gnuarm-armcortex.instrset/win/bin/../lib/gcc/arm-none-eabi/13.2.1/thumb/v7e-m+fp/hard\libgcc.a(_udivmoddi4.o)
                0x08010848                        __exidx_end = .
                0x08010848                        . = ALIGN (0x4)

.rel.dyn        0x08010848        0x0
 .rel.iplt      0x08010848        0x0 C:/ProgramData/MATLAB/SupportPackages/R2024b/3P.instrset/gnuarm-armcortex.instrset/win/bin/../lib/gcc/arm-none-eabi/13.2.1/thumb/v7e-m+fp/hard/crtbegin.o

.preinit_array  0x08010848        0x0
                0x08010848                        . = ALIGN (0x4)
                0x08010848                        PROVIDE (__preinit_array_start = .)
 *(.preinit_array*)
                0x08010848                        PROVIDE (__preinit_array_end = .)
                0x08010848                        . = ALIGN (0x4)

.init_array     0x08010848        0x4
                0x08010848                        . = ALIGN (0x4)
                0x08010848                        PROVIDE (__init_array_start = .)
 *(SORT_BY_NAME(.init_array.*))
 *(.init_array*)
 .init_array    0x08010848        0x4 C:/ProgramData/MATLAB/SupportPackages/R2024b/3P.instrset/gnuarm-armcortex.instrset/win/bin/../lib/gcc/arm-none-eabi/13.2.1/thumb/v7e-m+fp/hard/crtbegin.o
                0x0801084c                        PROVIDE (__init_array_end = .)
                0x0801084c                        . = ALIGN (0x4)

.fini_array     0x0801084c        0x4
                0x0801084c                        . = ALIGN (0x4)
                [!provide]                        PROVIDE (__fini_array_start = .)
 *(SORT_BY_NAME(.fini_array.*))
 *(.fini_array*)
 .fini_array    0x0801084c        0x4 C:/ProgramData/MATLAB/SupportPackages/R2024b/3P.instrset/gnuarm-armcortex.instrset/win/bin/../lib/gcc/arm-none-eabi/13.2.1/thumb/v7e-m+fp/hard/crtbegin.o
                [!provide]                        PROVIDE (__fini_array_end = .)
                0x08010850                        . = ALIGN (0x4)
                0x08010850                        _sidata = LOADADDR (.data)

.data           0x20000000       0xe4 load address 0x08010850
                0x20000000                        . = ALIGN (0x4)
                0x20000000                        _sdata = .
 *(.data)
 *(.data*)
 .data.xcpExtmodeFinalSimulationTime
                0x20000000        0x8 xcp_ext_common.o
                0x20000000                xcpExtmodeFinalSimulationTime
 .data.xcpClassicTriggerDuration
                0x20000008        0x4 xcp_ext_classic_trigger.o
                0x20000008                xcpClassicTriggerDuration
 .data.xcpClassicTriggerArmRequest
                0x2000000c        0x1 xcp_ext_classic_trigger.o
                0x2000000c                xcpClassicTriggerArmRequest
 *fill*         0x2000000d        0x3 
 .data.startStopDaqListId
                0x20000010        0x4 xcp_daq.o
 .data.xcpCurrentDaq
                0x20000014        0x4 xcp_daq.o
 .data.xcpEventCustomMemoryManager
                0x20000018        0xc xcp_daq.o
 .data.xcpCtoReservedMemPoolId
                0x20000024        0x4 xcp_transport.o
 .data.xcpMemMainBlockSizes
                0x20000028        0xc xcp_mem_default.o
 .data.xcpMemMainBlocksNumber
                0x20000034        0xc xcp_mem_default.o
 .data.drvID    0x20000040        0x4 xcp_drv_rtiostream.o
 .data.xcpCtoReservedMemPoolId
                0x20000044        0x4 xcp_frame_serial.o
 .data.uartObj  0x20000048       0x40 rtiostream_serial.o
                0x20000048                uartObj
 .data.uwTickPrio
                0x20000088        0x4 stm32g4xx_hal.o
                0x20000088                uwTickPrio
 .data.uwTickFreq
                0x2000008c        0x4 stm32g4xx_hal.o
                0x2000008c                uwTickFreq
 .data.SystemCoreClock
                0x20000090        0x4 system_stm32g4xx.o
                0x20000090                SystemCoreClock
 .data._impure_ptr
                0x20000094        0x4 C:/ProgramData/MATLAB/SupportPackages/R2024b/3P.instrset/gnuarm-armcortex.instrset/win/bin/../lib/gcc/arm-none-eabi/13.2.1/thumb/v7e-m+fp/hard\libg_nano.a(libc_a-impure.o)
                0x20000094                _impure_ptr
 .data._impure_data
                0x20000098       0x4c C:/ProgramData/MATLAB/SupportPackages/R2024b/3P.instrset/gnuarm-armcortex.instrset/win/bin/../lib/gcc/arm-none-eabi/13.2.1/thumb/v7e-m+fp/hard\libg_nano.a(libc_a-impure.o)
                0x20000098                _impure_data
 *(.RamFunc)
 *(.RamFunc*)
                0x200000e4                        . = ALIGN (0x4)
                0x200000e4                        _edata = .

.tm_clone_table
                0x200000e4        0x0 load address 0x08010934
 .tm_clone_table
                0x200000e4        0x0 C:/ProgramData/MATLAB/SupportPackages/R2024b/3P.instrset/gnuarm-armcortex.instrset/win/bin/../lib/gcc/arm-none-eabi/13.2.1/thumb/v7e-m+fp/hard/crtbegin.o
 .tm_clone_table
                0x200000e4        0x0 C:/ProgramData/MATLAB/SupportPackages/R2024b/3P.instrset/gnuarm-armcortex.instrset/win/bin/../lib/gcc/arm-none-eabi/13.2.1/thumb/v7e-m+fp/hard/crtend.o

.igot.plt       0x200000e4        0x0 load address 0x08010934
 .igot.plt      0x200000e4        0x0 C:/ProgramData/MATLAB/SupportPackages/R2024b/3P.instrset/gnuarm-armcortex.instrset/win/bin/../lib/gcc/arm-none-eabi/13.2.1/thumb/v7e-m+fp/hard/crtbegin.o
                0x200000e4                        . = ALIGN (0x4)

.bss            0x200000e8     0x1f50 load address 0x08010934
                0x200000e8                        _sbss = .
                0x200000e8                        __bss_start__ = _sbss
 *(.bss)
 *(.bss*)
 .bss.completed.1
                0x200000e8        0x1 C:/ProgramData/MATLAB/SupportPackages/R2024b/3P.instrset/gnuarm-armcortex.instrset/win/bin/../lib/gcc/arm-none-eabi/13.2.1/thumb/v7e-m+fp/hard/crtbegin.o
 *fill*         0x200000e9        0x3 
 .bss.object.0  0x200000ec       0x18 C:/ProgramData/MATLAB/SupportPackages/R2024b/3P.instrset/gnuarm-armcortex.instrset/win/bin/../lib/gcc/arm-none-eabi/13.2.1/thumb/v7e-m+fp/hard/crtbegin.o
 .bss.mw_tim3   0x20000104       0x8c stm_timer_ll.o
                0x20000104                mw_tim3
 .bss.mw_tim4   0x20000190       0x8c stm_timer_ll.o
                0x20000190                mw_tim4
 .bss.mw_tim8   0x2000021c       0x8c stm_timer_ll.o
                0x2000021c                mw_tim8
 .bss.firstIndexReceived.0
                0x200002a8        0x1 stm_timer_ll.o
 *fill*         0x200002a9        0x3 
 .bss.xcpCustomTriggerFunction
                0x200002ac        0x8 xcp_ext_mode.o
 *fill*         0x200002b4        0x4 
 .bss.encoder_B
                0x200002b8       0x68 encoder.o
                0x200002b8                encoder_B
 .bss.encoder_DW
                0x20000320       0xc8 encoder.o
                0x20000320                encoder_DW
 .bss.encoder_M_
                0x200003e8       0x48 encoder.o
 .bss.rt_ExtModeInfo.2
                0x20000430       0x14 encoder.o
 .bss.systemRan.1
                0x20000444       0x38 encoder.o
 .bss.IsrOverrun
                0x2000047c        0x4 ert_main.o
                0x2000047c                IsrOverrun
 .bss.OverrunFlag
                0x20000480        0x1 ert_main.o
 .bss.stopRequested
                0x20000481        0x1 ert_main.o
                0x20000481                stopRequested
 .bss.runModel  0x20000482        0x1 ert_main.o
                0x20000482                runModel
 .bss.xcpModelStartRequest
                0x20000483        0x1 xcp_ext_common.o
                0x20000483                xcpModelStartRequest
 .bss.xcpModelStopRequest
                0x20000484        0x1 xcp_ext_common.o
                0x20000484                xcpModelStopRequest
 .bss.xcpModelStatus
                0x20000485        0x1 xcp_ext_common.o
                0x20000485                xcpModelStatus
 *fill*         0x20000486        0x2 
 .bss.xcpModelChecksum0
                0x20000488        0x4 xcp_ext_common.o
                0x20000488                xcpModelChecksum0
 .bss.xcpModelChecksum1
                0x2000048c        0x4 xcp_ext_common.o
                0x2000048c                xcpModelChecksum1
 .bss.xcpModelChecksum2
                0x20000490        0x4 xcp_ext_common.o
                0x20000490                xcpModelChecksum2
 .bss.xcpModelChecksum3
                0x20000494        0x4 xcp_ext_common.o
                0x20000494                xcpModelChecksum3
 .bss.xcpModelIntegerCode
                0x20000498        0x4 xcp_ext_common.o
                0x20000498                xcpModelIntegerCode
 .bss.xcpExtmodeSimulationComplete
                0x2000049c        0x1 xcp_ext_common.o
                0x2000049c                xcpExtmodeSimulationComplete
 *fill*         0x2000049d        0x3 
 .bss.xcpDummyDoubleVariable
                0x200004a0        0x8 xcp_ext_common.o
                0x200004a0                xcpDummyDoubleVariable
 .bss.xcpDummyUint64Variable
                0x200004a8        0x8 xcp_ext_common.o
                0x200004a8                xcpDummyUint64Variable
 .bss.xcpCurrentSimulationTimeInMs
                0x200004b0        0x8 xcp_ext_common.o
                0x200004b0                xcpCurrentSimulationTimeInMs
 .bss.xcpBaseRateSimulationTime
                0x200004b8        0x8 xcp_ext_common.o
 .bss.xcpClassicTriggerEventId
                0x200004c0        0x2 xcp_ext_classic_trigger.o
                0x200004c0                xcpClassicTriggerEventId
 *fill*         0x200004c2        0x2 
 .bss.xcpClassicTriggerSignalAddress
                0x200004c4        0x4 xcp_ext_classic_trigger.o
                0x200004c4                xcpClassicTriggerSignalAddress
 .bss.xcpClassicTriggerSignalAddressExtension
                0x200004c8        0x1 xcp_ext_classic_trigger.o
                0x200004c8                xcpClassicTriggerSignalAddressExtension
 *fill*         0x200004c9        0x7 
 .bss.xcpClassicTriggerLevel
                0x200004d0        0x8 xcp_ext_classic_trigger.o
                0x200004d0                xcpClassicTriggerLevel
 .bss.xcpClassicTriggerHoldOff
                0x200004d8        0x4 xcp_ext_classic_trigger.o
                0x200004d8                xcpClassicTriggerHoldOff
 .bss.xcpClassicTriggerDelay
                0x200004dc        0x4 xcp_ext_classic_trigger.o
                0x200004dc                xcpClassicTriggerDelay
 .bss.xcpClassicTriggerDirection
                0x200004e0        0x1 xcp_ext_classic_trigger.o
                0x200004e0                xcpClassicTriggerDirection
 .bss.xcpClassicTriggerCancelRequest
                0x200004e1        0x1 xcp_ext_classic_trigger.o
                0x200004e1                xcpClassicTriggerCancelRequest
 .bss.xcpClassicTriggerSource
                0x200004e2        0x1 xcp_ext_classic_trigger.o
                0x200004e2                xcpClassicTriggerSource
 .bss.xcpClassicTriggerMode
                0x200004e3        0x1 xcp_ext_classic_trigger.o
                0x200004e3                xcpClassicTriggerMode
 .bss.xcpClassicTriggerStatus
                0x200004e4        0x1 xcp_ext_classic_trigger.o
                0x200004e4                xcpClassicTriggerStatus
 *fill*         0x200004e5        0x3 
 .bss.xcpOldSignalValue
                0x200004e8        0x8 xcp_ext_classic_trigger.o
 .bss.xcpOldSignalValueAvailable
                0x200004f0        0x1 xcp_ext_classic_trigger.o
 .bss.xcpOldClassicTriggerSource
                0x200004f1        0x1 xcp_ext_classic_trigger.o
 .bss.xcpTriggerEnabled
                0x200004f2        0x1 xcp_ext_classic_trigger.o
 .bss.xcpSignalTriggerFired
                0x200004f3        0x1 xcp_ext_classic_trigger.o
 .bss.xcpTriggerCount
                0x200004f4        0x4 xcp_ext_classic_trigger.o
 .bss.xcpForcedTriggerEnabled
                0x200004f8        0x1 xcp_ext_classic_trigger.o
 .bss.xcpForceTriggerEnableRequest
                0x200004f9        0x1 xcp_ext_classic_trigger.o
 .bss.initialized
                0x200004fa        0x1 xcp.o
 .bss.xcpStatus
                0x200004fb        0x1 xcp.o
 .bss.xcpSessionStatus
                0x200004fc        0x1 xcp.o
 .bss.xcpResourceProtectionStatus
                0x200004fd        0x1 xcp.o
 .bss.xcpSessionConfigurationId
                0x200004fe        0x2 xcp.o
 .bss.groupPacketLookup
                0x20000500       0x10 xcp.o
 .bss.xcpMta    0x20000510        0x8 xcp_standard.o
 .bss.xcpUploadSize
                0x20000518        0x1 xcp_standard.o
 *fill*         0x20000519        0x3 
 .bss.packetLookup
                0x2000051c        0x4 xcp_standard.o
 .bss.xcpDynamicDaqLists
                0x20000520        0x8 xcp_daq.o
 .bss.xcpRunningEventCounter
                0x20000528        0x4 xcp_daq.o
 .bss.daqLock   0x2000052c        0x4 xcp_daq.o
 .bss.packetLookup
                0x20000530        0x4 xcp_daq.o
 .bss.packetLookup
                0x20000534        0x4 xcp_calibration.o
 .bss.txFifo    0x20000538       0x10 xcp_transport.o
 .bss.txLock    0x20000548        0x4 xcp_transport.o
 .bss.rxFifo    0x2000054c        0x8 xcp_transport.o
 .bss.rxLock    0x20000554        0x4 xcp_transport.o
 .bss.initialized
                0x20000558        0x1 xcp_transport.o
 *fill*         0x20000559        0x3 
 .bss.xcpMemPoolDescriptors
                0x2000055c       0xc0 xcp_mem_default.o
 .bss.xcpMemCustomPoolDescriptors
                0x2000061c        0x8 xcp_mem_default.o
 .bss.xcpMemMainChunk
                0x20000624      0x507 xcp_mem_default.o
 *fill*         0x20000b2b        0x1 
 .bss.xcpMemReservedPoolsChunk
                0x20000b2c      0xf0d xcp_mem_default.o
 *fill*         0x20001a39        0x3 
 .bss.xcpMemReservedPoolsChunkUsedBytes
                0x20001a3c        0x4 xcp_mem_default.o
 .bss.xcpMemLock
                0x20001a40        0x4 xcp_mem_default.o
 .bss.forceBlocking
                0x20001a44        0x1 xcp_drv_rtiostream.o
 *fill*         0x20001a45        0x1 
 .bss.txCounter
                0x20001a46        0x2 xcp_frame_serial.o
 .bss.rxCounter
                0x20001a48        0x2 xcp_frame_serial.o
 *fill*         0x20001a4a        0x2 
 .bss.firstRxCounterReceived
                0x20001a4c        0x4 xcp_frame_serial.o
 .bss.initialized
                0x20001a50        0x1 xcp_frame_serial.o
 *fill*         0x20001a51        0x3 
 .bss.timestampInitialized
                0x20001a54        0x4 platform_timer.o
 .bss.timestampStartTime
                0x20001a58        0x4 platform_timer.o
 .bss.schdl_counter
                0x20001a5c        0x4 SysTickScheduler.o
                0x20001a5c                schdl_counter
 .bss.schdl_counter_max
                0x20001a60        0x4 SysTickScheduler.o
                0x20001a60                schdl_counter_max
 .bss.taskToSchedule
                0x20001a64        0x4 m3m4m4f_multitasking.o
                0x20001a64                taskToSchedule
 .bss.mw_ext_h  0x20001a68        0x4 rtiostream_serial.o
                0x20001a68                mw_ext_h
 .bss.UARTRxBuffer
                0x20001a6c        0x4 rtiostream_serial.o
                0x20001a6c                UARTRxBuffer
 .bss.mw_lpuart1
                0x20001a70       0x40 stm_lpuart.o
                0x20001a70                mw_lpuart1
 .bss.LPUART1ReceiveBuffer
                0x20001ab0      0x400 stm_lpuart.o
                0x20001ab0                LPUART1ReceiveBuffer
 .bss.htim2     0x20001eb0       0x4c stm32g4xx_hal_timebase_tim.o
                0x20001eb0                htim2
 .bss.uwTick    0x20001efc        0x4 stm32g4xx_hal.o
                0x20001efc                uwTick
 .bss.__sf      0x20001f00      0x138 C:/ProgramData/MATLAB/SupportPackages/R2024b/3P.instrset/gnuarm-armcortex.instrset/win/bin/../lib/gcc/arm-none-eabi/13.2.1/thumb/v7e-m+fp/hard\libg_nano.a(libc_a-findfp.o)
                0x20001f00                __sf
 *(COMMON)
                0x20002038                        . = ALIGN (0x4)
                0x20002038                        _ebss = .
                0x20002038                        __bss_end__ = _ebss

._user_heap_stack
                0x20002038      0x600 load address 0x08010934
                0x20002038                        . = ALIGN (0x8)
                [!provide]                        PROVIDE (end = .)
                0x20002038                        PROVIDE (_end = .)
                0x20002238                        . = (. + _Min_Heap_Size)
 *fill*         0x20002038      0x200 
                0x20002638                        . = (. + _Min_Stack_Size)
 *fill*         0x20002238      0x400 
                0x20002638                        . = ALIGN (0x8)

/DISCARD/
 libc.a(*)
 libm.a(*)
 libgcc.a(*)

.ARM.attributes
                0x00000000       0x30
 *(.ARM.attributes)
 .ARM.attributes
                0x00000000       0x22 C:/ProgramData/MATLAB/SupportPackages/R2024b/3P.instrset/gnuarm-armcortex.instrset/win/bin/../lib/gcc/arm-none-eabi/13.2.1/thumb/v7e-m+fp/hard/crti.o
 .ARM.attributes
                0x00000022       0x34 C:/ProgramData/MATLAB/SupportPackages/R2024b/3P.instrset/gnuarm-armcortex.instrset/win/bin/../lib/gcc/arm-none-eabi/13.2.1/thumb/v7e-m+fp/hard/crtbegin.o
 .ARM.attributes
                0x00000056       0x34 stm_timer_ll.o
 .ARM.attributes
                0x0000008a       0x34 xcp_ext_mode.o
 .ARM.attributes
                0x000000be       0x34 encoder.o
 .ARM.attributes
                0x000000f2       0x34 ert_main.o
 .ARM.attributes
                0x00000126       0x34 xcp_ext_common.o
 .ARM.attributes
                0x0000015a       0x34 xcp_ext_classic_trigger.o
 .ARM.attributes
                0x0000018e       0x34 xcp.o
 .ARM.attributes
                0x000001c2       0x34 xcp_standard.o
 .ARM.attributes
                0x000001f6       0x34 xcp_daq.o
 .ARM.attributes
                0x0000022a       0x34 xcp_calibration.o
 .ARM.attributes
                0x0000025e       0x34 xcp_fifo.o
 .ARM.attributes
                0x00000292       0x34 xcp_transport.o
 .ARM.attributes
                0x000002c6       0x34 xcp_mem_default.o
 .ARM.attributes
                0x000002fa       0x34 xcp_drv_rtiostream.o
 .ARM.attributes
                0x0000032e       0x34 xcp_utils.o
 .ARM.attributes
                0x00000362       0x34 xcp_frame_serial.o
 .ARM.attributes
                0x00000396       0x34 xcp_ext_param_default_serial.o
 .ARM.attributes
                0x000003ca       0x34 overrideHALDelay.o
 .ARM.attributes
                0x000003fe       0x34 platform_timer.o
 .ARM.attributes
                0x00000432       0x34 SysTickScheduler.o
 .ARM.attributes
                0x00000466       0x34 m3m4m4f_multitasking.o
 .ARM.attributes
                0x0000049a       0x34 rtiostream_serial.o
 .ARM.attributes
                0x000004ce       0x34 stm_usart.o
 .ARM.attributes
                0x00000502       0x34 stm_lpuart.o
 .ARM.attributes
                0x00000536       0x34 sys_arch.o
 .ARM.attributes
                0x0000056a       0x34 main.o
 .ARM.attributes
                0x0000059e       0x34 stm32g4xx_it.o
 .ARM.attributes
                0x000005d2       0x34 stm32g4xx_hal_msp.o
 .ARM.attributes
                0x00000606       0x34 stm32g4xx_hal_timebase_tim.o
 .ARM.attributes
                0x0000063a       0x34 stm32g4xx_ll_utils.o
 .ARM.attributes
                0x0000066e       0x34 stm32g4xx_ll_exti.o
 .ARM.attributes
                0x000006a2       0x34 stm32g4xx_ll_gpio.o